  Determining projects to restore...
  All projects are up-to-date for restore.
/home/juan/coding/ticket-masala/src/TicketMasala.Web/Areas/Identity/Pages/Account/Register.cshtml.cs(120,53): warning CS8625: Cannot convert null literal to non-nullable reference type. [/home/juan/coding/ticket-masala/src/TicketMasala.Web/TicketMasala.Web.csproj]
/home/juan/coding/ticket-masala/src/TicketMasala.Web/Areas/Identity/Pages/Account/Register.cshtml.cs(126,69): warning CS8625: Cannot convert null literal to non-nullable reference type. [/home/juan/coding/ticket-masala/src/TicketMasala.Web/TicketMasala.Web.csproj]
/home/juan/.nuget/packages/microsoft.net.test.sdk/18.0.1/build/net8.0/Microsoft.NET.Test.Sdk.Program.cs(4,41): warning CS7022: The entry point of the program is global code; ignoring 'AutoGeneratedProgram.Main(string[])' entry point. [/home/juan/coding/ticket-masala/src/TicketMasala.Web/TicketMasala.Web.csproj]
/home/juan/coding/ticket-masala/src/TicketMasala.Web/ViewModels/Tickets/TicketViewModel.cs(33,19): warning CS8618: Non-nullable property 'Description' must contain a non-null value when exiting constructor. Consider adding the 'required' modifier or declaring the property as nullable. [/home/juan/coding/ticket-masala/src/TicketMasala.Web/TicketMasala.Web.csproj]
/home/juan/coding/ticket-masala/src/TicketMasala.Web/ViewModels/Tickets/TicketViewModel.cs(18,19): warning CS8618: Non-nullable property 'ResponsibleName' must contain a non-null value when exiting constructor. Consider adding the 'required' modifier or declaring the property as nullable. [/home/juan/coding/ticket-masala/src/TicketMasala.Web/TicketMasala.Web.csproj]
/home/juan/coding/ticket-masala/src/TicketMasala.Web/ViewModels/Tickets/TicketViewModel.cs(19,19): warning CS8618: Non-nullable property 'CustomerName' must contain a non-null value when exiting constructor. Consider adding the 'required' modifier or declaring the property as nullable. [/home/juan/coding/ticket-masala/src/TicketMasala.Web/TicketMasala.Web.csproj]
/home/juan/coding/ticket-masala/src/TicketMasala.Web/Areas/Identity/Pages/Account/Register.cshtml.cs(36,12): warning CS8618: Non-nullable property 'Input' must contain a non-null value when exiting constructor. Consider adding the 'required' modifier or declaring the property as nullable. [/home/juan/coding/ticket-masala/src/TicketMasala.Web/TicketMasala.Web.csproj]
/home/juan/coding/ticket-masala/src/TicketMasala.Web/Areas/Identity/Pages/Account/Register.cshtml.cs(36,12): warning CS8618: Non-nullable property 'ReturnUrl' must contain a non-null value when exiting constructor. Consider adding the 'required' modifier or declaring the property as nullable. [/home/juan/coding/ticket-masala/src/TicketMasala.Web/TicketMasala.Web.csproj]
/home/juan/coding/ticket-masala/src/TicketMasala.Web/Areas/Identity/Pages/Account/Register.cshtml.cs(36,12): warning CS8618: Non-nullable property 'ExternalLogins' must contain a non-null value when exiting constructor. Consider adding the 'required' modifier or declaring the property as nullable. [/home/juan/coding/ticket-masala/src/TicketMasala.Web/TicketMasala.Web.csproj]
/home/juan/coding/ticket-masala/src/TicketMasala.Web/Engine/Projects/ProjectService.cs(65,34): warning CS8601: Possible null reference assignment. [/home/juan/coding/ticket-masala/src/TicketMasala.Web/TicketMasala.Web.csproj]
/home/juan/coding/ticket-masala/src/TicketMasala.Web/Controllers/Api/TicketsApiController.cs(214,29): warning CS8604: Possible null reference argument for parameter 'customerId' in 'Task<Ticket> ITicketService.CreateTicketAsync(string description, string customerId, string? responsibleId, Guid? projectGuid, DateTime? completionTarget)'. [/home/juan/coding/ticket-masala/src/TicketMasala.Web/TicketMasala.Web.csproj]
/home/juan/coding/ticket-masala/src/TicketMasala.Web/Engine/Compiler/RuleCompilerService.cs(52,13): warning CS0219: The variable 'ruleCount' is assigned but its value is never used [/home/juan/coding/ticket-masala/src/TicketMasala.Web/TicketMasala.Web.csproj]
/home/juan/coding/ticket-masala/src/TicketMasala.Web/Models/QualityReview.cs(16,19): warning CS8618: Non-nullable property 'Ticket' must contain a non-null value when exiting constructor. Consider adding the 'required' modifier or declaring the property as nullable. [/home/juan/coding/ticket-masala/src/TicketMasala.Web/TicketMasala.Web.csproj]
/home/juan/coding/ticket-masala/src/TicketMasala.Web/Models/QualityReview.cs(19,19): warning CS8618: Non-nullable property 'ReviewerId' must contain a non-null value when exiting constructor. Consider adding the 'required' modifier or declaring the property as nullable. [/home/juan/coding/ticket-masala/src/TicketMasala.Web/TicketMasala.Web.csproj]
/home/juan/coding/ticket-masala/src/TicketMasala.Web/ViewModels/Projects/ProjectViewModel.cs(15,21): warning CS8618: Non-nullable property 'ProjectManager' must contain a non-null value when exiting constructor. Consider adding the 'required' modifier or declaring the property as nullable. [/home/juan/coding/ticket-masala/src/TicketMasala.Web/TicketMasala.Web.csproj]
/home/juan/coding/ticket-masala/src/TicketMasala.Web/Areas/Identity/Pages/Account/Register.cshtml.cs(162,91): warning CS8604: Possible null reference argument for parameter 'value' in 'string TextEncoder.Encode(string value)'. [/home/juan/coding/ticket-masala/src/TicketMasala.Web/TicketMasala.Web.csproj]
/home/juan/coding/ticket-masala/src/TicketMasala.Web/Areas/Identity/Pages/Account/Register.cshtml.cs(80,23): warning CS8618: Non-nullable property 'FirstName' must contain a non-null value when exiting constructor. Consider adding the 'required' modifier or declaring the property as nullable. [/home/juan/coding/ticket-masala/src/TicketMasala.Web/TicketMasala.Web.csproj]
/home/juan/coding/ticket-masala/src/TicketMasala.Web/Areas/Identity/Pages/Account/Register.cshtml.cs(84,23): warning CS8618: Non-nullable property 'LastName' must contain a non-null value when exiting constructor. Consider adding the 'required' modifier or declaring the property as nullable. [/home/juan/coding/ticket-masala/src/TicketMasala.Web/TicketMasala.Web.csproj]
/home/juan/coding/ticket-masala/src/TicketMasala.Web/Areas/Identity/Pages/Account/Register.cshtml.cs(97,23): warning CS8618: Non-nullable property 'Email' must contain a non-null value when exiting constructor. Consider adding the 'required' modifier or declaring the property as nullable. [/home/juan/coding/ticket-masala/src/TicketMasala.Web/TicketMasala.Web.csproj]
/home/juan/coding/ticket-masala/src/TicketMasala.Web/Areas/Identity/Pages/Account/Register.cshtml.cs(107,23): warning CS8618: Non-nullable property 'Password' must contain a non-null value when exiting constructor. Consider adding the 'required' modifier or declaring the property as nullable. [/home/juan/coding/ticket-masala/src/TicketMasala.Web/TicketMasala.Web.csproj]
/home/juan/coding/ticket-masala/src/TicketMasala.Web/Areas/Identity/Pages/Account/Register.cshtml.cs(116,23): warning CS8618: Non-nullable property 'ConfirmPassword' must contain a non-null value when exiting constructor. Consider adding the 'required' modifier or declaring the property as nullable. [/home/juan/coding/ticket-masala/src/TicketMasala.Web/TicketMasala.Web.csproj]
/home/juan/coding/ticket-masala/src/TicketMasala.Web/Data/DbSeeder.cs(204,24): warning CS8601: Possible null reference assignment. [/home/juan/coding/ticket-masala/src/TicketMasala.Web/TicketMasala.Web.csproj]
/home/juan/coding/ticket-masala/src/TicketMasala.Web/Extensions/QueryableExtensions.cs(117,33): warning CS8602: Dereference of a possibly null reference. [/home/juan/coding/ticket-masala/src/TicketMasala.Web/TicketMasala.Web.csproj]
/home/juan/coding/ticket-masala/src/TicketMasala.Web/Controllers/TicketController.cs(517,59): warning CS8602: Dereference of a possibly null reference. [/home/juan/coding/ticket-masala/src/TicketMasala.Web/TicketMasala.Web.csproj]
/home/juan/coding/ticket-masala/src/TicketMasala.Web/Engine/GERDA/Dispatching/MatrixFactorizationDispatchingStrategy.cs(138,34): warning CS8601: Possible null reference assignment. [/home/juan/coding/ticket-masala/src/TicketMasala.Web/TicketMasala.Web.csproj]
/home/juan/coding/ticket-masala/src/TicketMasala.Web/Engine/GERDA/Dispatching/MatrixFactorizationDispatchingStrategy.cs(239,26): warning CS8601: Possible null reference assignment. [/home/juan/coding/ticket-masala/src/TicketMasala.Web/TicketMasala.Web.csproj]
/home/juan/coding/ticket-masala/src/TicketMasala.Web/ViewModels/Dashboard/TeamDashboardViewModel.cs(69,19): warning CS8618: Non-nullable property 'AgentId' must contain a non-null value when exiting constructor. Consider adding the 'required' modifier or declaring the property as nullable. [/home/juan/coding/ticket-masala/src/TicketMasala.Web/TicketMasala.Web.csproj]
/home/juan/coding/ticket-masala/src/TicketMasala.Web/ViewModels/Dashboard/TeamDashboardViewModel.cs(70,19): warning CS8618: Non-nullable property 'AgentName' must contain a non-null value when exiting constructor. Consider adding the 'required' modifier or declaring the property as nullable. [/home/juan/coding/ticket-masala/src/TicketMasala.Web/TicketMasala.Web.csproj]
/home/juan/coding/ticket-masala/src/TicketMasala.Web/Controllers/ImportController.cs(121,80): warning CS8604: Possible null reference argument for parameter 'uploaderId' in 'Task<int> ITicketImportService.ImportTicketsAsync(List<dynamic> rows, Dictionary<string, string> mapping, string uploaderId, Guid departmentId)'. [/home/juan/coding/ticket-masala/src/TicketMasala.Web/TicketMasala.Web.csproj]
/home/juan/coding/ticket-masala/src/TicketMasala.Web/Controllers/ManagerController.cs(164,38): warning CS8601: Possible null reference assignment. [/home/juan/coding/ticket-masala/src/TicketMasala.Web/TicketMasala.Web.csproj]
/home/juan/coding/ticket-masala/src/TicketMasala.Web/Views/Ticket/Create.cshtml(77,63): warning CS8602: Dereference of a possibly null reference. [/home/juan/coding/ticket-masala/src/TicketMasala.Web/TicketMasala.Web.csproj]
/home/juan/coding/ticket-masala/src/TicketMasala.Web/Views/Ticket/Create.cshtml(99,59): warning CS8602: Dereference of a possibly null reference. [/home/juan/coding/ticket-masala/src/TicketMasala.Web/TicketMasala.Web.csproj]
/home/juan/coding/ticket-masala/src/TicketMasala.Web/Views/Ticket/Create.cshtml(115,58): warning CS8602: Dereference of a possibly null reference. [/home/juan/coding/ticket-masala/src/TicketMasala.Web/TicketMasala.Web.csproj]
  TicketMasala.Web -> /home/juan/coding/ticket-masala/src/TicketMasala.Web/bin/Debug/net10.0/TicketMasala.Web.dll
/home/juan/coding/ticket-masala/src/TicketMasala.Tests/UnitTests/Data/DbSeederTests.cs(31,85): warning CS8625: Cannot convert null literal to non-nullable reference type. [/home/juan/coding/ticket-masala/src/TicketMasala.Tests/TicketMasala.Tests.csproj]
/home/juan/coding/ticket-masala/src/TicketMasala.Tests/UnitTests/Data/DbSeederTests.cs(31,91): warning CS8625: Cannot convert null literal to non-nullable reference type. [/home/juan/coding/ticket-masala/src/TicketMasala.Tests/TicketMasala.Tests.csproj]
/home/juan/coding/ticket-masala/src/TicketMasala.Tests/UnitTests/Data/DbSeederTests.cs(31,97): warning CS8625: Cannot convert null literal to non-nullable reference type. [/home/juan/coding/ticket-masala/src/TicketMasala.Tests/TicketMasala.Tests.csproj]
/home/juan/coding/ticket-masala/src/TicketMasala.Tests/UnitTests/Data/DbSeederTests.cs(31,103): warning CS8625: Cannot convert null literal to non-nullable reference type. [/home/juan/coding/ticket-masala/src/TicketMasala.Tests/TicketMasala.Tests.csproj]
/home/juan/coding/ticket-masala/src/TicketMasala.Tests/UnitTests/Data/DbSeederTests.cs(31,109): warning CS8625: Cannot convert null literal to non-nullable reference type. [/home/juan/coding/ticket-masala/src/TicketMasala.Tests/TicketMasala.Tests.csproj]
/home/juan/coding/ticket-masala/src/TicketMasala.Tests/UnitTests/Data/DbSeederTests.cs(31,115): warning CS8625: Cannot convert null literal to non-nullable reference type. [/home/juan/coding/ticket-masala/src/TicketMasala.Tests/TicketMasala.Tests.csproj]
/home/juan/coding/ticket-masala/src/TicketMasala.Tests/UnitTests/Data/DbSeederTests.cs(31,121): warning CS8625: Cannot convert null literal to non-nullable reference type. [/home/juan/coding/ticket-masala/src/TicketMasala.Tests/TicketMasala.Tests.csproj]
/home/juan/coding/ticket-masala/src/TicketMasala.Tests/UnitTests/Data/DbSeederTests.cs(31,127): warning CS8625: Cannot convert null literal to non-nullable reference type. [/home/juan/coding/ticket-masala/src/TicketMasala.Tests/TicketMasala.Tests.csproj]
/home/juan/coding/ticket-masala/src/TicketMasala.Tests/UnitTests/Data/DbSeederTests.cs(34,82): warning CS8625: Cannot convert null literal to non-nullable reference type. [/home/juan/coding/ticket-masala/src/TicketMasala.Tests/TicketMasala.Tests.csproj]
/home/juan/coding/ticket-masala/src/TicketMasala.Tests/UnitTests/Data/DbSeederTests.cs(34,88): warning CS8625: Cannot convert null literal to non-nullable reference type. [/home/juan/coding/ticket-masala/src/TicketMasala.Tests/TicketMasala.Tests.csproj]
/home/juan/coding/ticket-masala/src/TicketMasala.Tests/UnitTests/Data/DbSeederTests.cs(34,94): warning CS8625: Cannot convert null literal to non-nullable reference type. [/home/juan/coding/ticket-masala/src/TicketMasala.Tests/TicketMasala.Tests.csproj]
/home/juan/coding/ticket-masala/src/TicketMasala.Tests/UnitTests/Data/DbSeederTests.cs(34,100): warning CS8625: Cannot convert null literal to non-nullable reference type. [/home/juan/coding/ticket-masala/src/TicketMasala.Tests/TicketMasala.Tests.csproj]
/home/juan/coding/ticket-masala/src/TicketMasala.Tests/Services/ProjectServiceTests.cs(55,27): warning CS8625: Cannot convert null literal to non-nullable reference type. [/home/juan/coding/ticket-masala/src/TicketMasala.Tests/TicketMasala.Tests.csproj]
/home/juan/coding/ticket-masala/src/TicketMasala.Tests/Services/ProjectServiceTests.cs(55,33): warning CS8625: Cannot convert null literal to non-nullable reference type. [/home/juan/coding/ticket-masala/src/TicketMasala.Tests/TicketMasala.Tests.csproj]
/home/juan/coding/ticket-masala/src/TicketMasala.Tests/Services/ProjectServiceTests.cs(55,39): warning CS8625: Cannot convert null literal to non-nullable reference type. [/home/juan/coding/ticket-masala/src/TicketMasala.Tests/TicketMasala.Tests.csproj]
/home/juan/coding/ticket-masala/src/TicketMasala.Tests/Services/ProjectServiceTests.cs(55,45): warning CS8625: Cannot convert null literal to non-nullable reference type. [/home/juan/coding/ticket-masala/src/TicketMasala.Tests/TicketMasala.Tests.csproj]
/home/juan/coding/ticket-masala/src/TicketMasala.Tests/Services/ProjectServiceTests.cs(55,51): warning CS8625: Cannot convert null literal to non-nullable reference type. [/home/juan/coding/ticket-masala/src/TicketMasala.Tests/TicketMasala.Tests.csproj]
/home/juan/coding/ticket-masala/src/TicketMasala.Tests/Services/ProjectServiceTests.cs(55,57): warning CS8625: Cannot convert null literal to non-nullable reference type. [/home/juan/coding/ticket-masala/src/TicketMasala.Tests/TicketMasala.Tests.csproj]
/home/juan/coding/ticket-masala/src/TicketMasala.Tests/Services/ProjectServiceTests.cs(55,63): warning CS8625: Cannot convert null literal to non-nullable reference type. [/home/juan/coding/ticket-masala/src/TicketMasala.Tests/TicketMasala.Tests.csproj]
/home/juan/coding/ticket-masala/src/TicketMasala.Tests/Services/ProjectServiceTests.cs(55,69): warning CS8625: Cannot convert null literal to non-nullable reference type. [/home/juan/coding/ticket-masala/src/TicketMasala.Tests/TicketMasala.Tests.csproj]
/home/juan/coding/ticket-masala/src/TicketMasala.Tests/UnitTests/Data/DbSeederTests.cs(99,47): warning CS8602: Dereference of a possibly null reference. [/home/juan/coding/ticket-masala/src/TicketMasala.Tests/TicketMasala.Tests.csproj]
/home/juan/coding/ticket-masala/src/TicketMasala.Tests/UnitTests/Data/DbSeederTests.cs(101,17): warning CS8620: Argument of type 'Func<It.IsAnyType, Exception, string>' cannot be used for parameter 'formatter' of type 'Func<It.IsAnyType, Exception?, string>' in 'void ILogger.Log<IsAnyType>(LogLevel logLevel, EventId eventId, IsAnyType state, Exception? exception, Func<IsAnyType, Exception?, string> formatter)' due to differences in the nullability of reference types. [/home/juan/coding/ticket-masala/src/TicketMasala.Tests/TicketMasala.Tests.csproj]
  TicketMasala.Tests -> /home/juan/coding/ticket-masala/src/TicketMasala.Tests/bin/Debug/net10.0/TicketMasala.Tests.dll

Build succeeded.

/home/juan/coding/ticket-masala/src/TicketMasala.Web/Areas/Identity/Pages/Account/Register.cshtml.cs(120,53): warning CS8625: Cannot convert null literal to non-nullable reference type. [/home/juan/coding/ticket-masala/src/TicketMasala.Web/TicketMasala.Web.csproj]
/home/juan/coding/ticket-masala/src/TicketMasala.Web/Areas/Identity/Pages/Account/Register.cshtml.cs(126,69): warning CS8625: Cannot convert null literal to non-nullable reference type. [/home/juan/coding/ticket-masala/src/TicketMasala.Web/TicketMasala.Web.csproj]
/home/juan/.nuget/packages/microsoft.net.test.sdk/18.0.1/build/net8.0/Microsoft.NET.Test.Sdk.Program.cs(4,41): warning CS7022: The entry point of the program is global code; ignoring 'AutoGeneratedProgram.Main(string[])' entry point. [/home/juan/coding/ticket-masala/src/TicketMasala.Web/TicketMasala.Web.csproj]
/home/juan/coding/ticket-masala/src/TicketMasala.Web/ViewModels/Tickets/TicketViewModel.cs(33,19): warning CS8618: Non-nullable property 'Description' must contain a non-null value when exiting constructor. Consider adding the 'required' modifier or declaring the property as nullable. [/home/juan/coding/ticket-masala/src/TicketMasala.Web/TicketMasala.Web.csproj]
/home/juan/coding/ticket-masala/src/TicketMasala.Web/ViewModels/Tickets/TicketViewModel.cs(18,19): warning CS8618: Non-nullable property 'ResponsibleName' must contain a non-null value when exiting constructor. Consider adding the 'required' modifier or declaring the property as nullable. [/home/juan/coding/ticket-masala/src/TicketMasala.Web/TicketMasala.Web.csproj]
/home/juan/coding/ticket-masala/src/TicketMasala.Web/ViewModels/Tickets/TicketViewModel.cs(19,19): warning CS8618: Non-nullable property 'CustomerName' must contain a non-null value when exiting constructor. Consider adding the 'required' modifier or declaring the property as nullable. [/home/juan/coding/ticket-masala/src/TicketMasala.Web/TicketMasala.Web.csproj]
/home/juan/coding/ticket-masala/src/TicketMasala.Web/Areas/Identity/Pages/Account/Register.cshtml.cs(36,12): warning CS8618: Non-nullable property 'Input' must contain a non-null value when exiting constructor. Consider adding the 'required' modifier or declaring the property as nullable. [/home/juan/coding/ticket-masala/src/TicketMasala.Web/TicketMasala.Web.csproj]
/home/juan/coding/ticket-masala/src/TicketMasala.Web/Areas/Identity/Pages/Account/Register.cshtml.cs(36,12): warning CS8618: Non-nullable property 'ReturnUrl' must contain a non-null value when exiting constructor. Consider adding the 'required' modifier or declaring the property as nullable. [/home/juan/coding/ticket-masala/src/TicketMasala.Web/TicketMasala.Web.csproj]
/home/juan/coding/ticket-masala/src/TicketMasala.Web/Areas/Identity/Pages/Account/Register.cshtml.cs(36,12): warning CS8618: Non-nullable property 'ExternalLogins' must contain a non-null value when exiting constructor. Consider adding the 'required' modifier or declaring the property as nullable. [/home/juan/coding/ticket-masala/src/TicketMasala.Web/TicketMasala.Web.csproj]
/home/juan/coding/ticket-masala/src/TicketMasala.Web/Engine/Projects/ProjectService.cs(65,34): warning CS8601: Possible null reference assignment. [/home/juan/coding/ticket-masala/src/TicketMasala.Web/TicketMasala.Web.csproj]
/home/juan/coding/ticket-masala/src/TicketMasala.Web/Controllers/Api/TicketsApiController.cs(214,29): warning CS8604: Possible null reference argument for parameter 'customerId' in 'Task<Ticket> ITicketService.CreateTicketAsync(string description, string customerId, string? responsibleId, Guid? projectGuid, DateTime? completionTarget)'. [/home/juan/coding/ticket-masala/src/TicketMasala.Web/TicketMasala.Web.csproj]
/home/juan/coding/ticket-masala/src/TicketMasala.Web/Engine/Compiler/RuleCompilerService.cs(52,13): warning CS0219: The variable 'ruleCount' is assigned but its value is never used [/home/juan/coding/ticket-masala/src/TicketMasala.Web/TicketMasala.Web.csproj]
/home/juan/coding/ticket-masala/src/TicketMasala.Web/Models/QualityReview.cs(16,19): warning CS8618: Non-nullable property 'Ticket' must contain a non-null value when exiting constructor. Consider adding the 'required' modifier or declaring the property as nullable. [/home/juan/coding/ticket-masala/src/TicketMasala.Web/TicketMasala.Web.csproj]
/home/juan/coding/ticket-masala/src/TicketMasala.Web/Models/QualityReview.cs(19,19): warning CS8618: Non-nullable property 'ReviewerId' must contain a non-null value when exiting constructor. Consider adding the 'required' modifier or declaring the property as nullable. [/home/juan/coding/ticket-masala/src/TicketMasala.Web/TicketMasala.Web.csproj]
/home/juan/coding/ticket-masala/src/TicketMasala.Web/ViewModels/Projects/ProjectViewModel.cs(15,21): warning CS8618: Non-nullable property 'ProjectManager' must contain a non-null value when exiting constructor. Consider adding the 'required' modifier or declaring the property as nullable. [/home/juan/coding/ticket-masala/src/TicketMasala.Web/TicketMasala.Web.csproj]
/home/juan/coding/ticket-masala/src/TicketMasala.Web/Areas/Identity/Pages/Account/Register.cshtml.cs(162,91): warning CS8604: Possible null reference argument for parameter 'value' in 'string TextEncoder.Encode(string value)'. [/home/juan/coding/ticket-masala/src/TicketMasala.Web/TicketMasala.Web.csproj]
/home/juan/coding/ticket-masala/src/TicketMasala.Web/Areas/Identity/Pages/Account/Register.cshtml.cs(80,23): warning CS8618: Non-nullable property 'FirstName' must contain a non-null value when exiting constructor. Consider adding the 'required' modifier or declaring the property as nullable. [/home/juan/coding/ticket-masala/src/TicketMasala.Web/TicketMasala.Web.csproj]
/home/juan/coding/ticket-masala/src/TicketMasala.Web/Areas/Identity/Pages/Account/Register.cshtml.cs(84,23): warning CS8618: Non-nullable property 'LastName' must contain a non-null value when exiting constructor. Consider adding the 'required' modifier or declaring the property as nullable. [/home/juan/coding/ticket-masala/src/TicketMasala.Web/TicketMasala.Web.csproj]
/home/juan/coding/ticket-masala/src/TicketMasala.Web/Areas/Identity/Pages/Account/Register.cshtml.cs(97,23): warning CS8618: Non-nullable property 'Email' must contain a non-null value when exiting constructor. Consider adding the 'required' modifier or declaring the property as nullable. [/home/juan/coding/ticket-masala/src/TicketMasala.Web/TicketMasala.Web.csproj]
/home/juan/coding/ticket-masala/src/TicketMasala.Web/Areas/Identity/Pages/Account/Register.cshtml.cs(107,23): warning CS8618: Non-nullable property 'Password' must contain a non-null value when exiting constructor. Consider adding the 'required' modifier or declaring the property as nullable. [/home/juan/coding/ticket-masala/src/TicketMasala.Web/TicketMasala.Web.csproj]
/home/juan/coding/ticket-masala/src/TicketMasala.Web/Areas/Identity/Pages/Account/Register.cshtml.cs(116,23): warning CS8618: Non-nullable property 'ConfirmPassword' must contain a non-null value when exiting constructor. Consider adding the 'required' modifier or declaring the property as nullable. [/home/juan/coding/ticket-masala/src/TicketMasala.Web/TicketMasala.Web.csproj]
/home/juan/coding/ticket-masala/src/TicketMasala.Web/Data/DbSeeder.cs(204,24): warning CS8601: Possible null reference assignment. [/home/juan/coding/ticket-masala/src/TicketMasala.Web/TicketMasala.Web.csproj]
/home/juan/coding/ticket-masala/src/TicketMasala.Web/Extensions/QueryableExtensions.cs(117,33): warning CS8602: Dereference of a possibly null reference. [/home/juan/coding/ticket-masala/src/TicketMasala.Web/TicketMasala.Web.csproj]
/home/juan/coding/ticket-masala/src/TicketMasala.Web/Controllers/TicketController.cs(517,59): warning CS8602: Dereference of a possibly null reference. [/home/juan/coding/ticket-masala/src/TicketMasala.Web/TicketMasala.Web.csproj]
/home/juan/coding/ticket-masala/src/TicketMasala.Web/Engine/GERDA/Dispatching/MatrixFactorizationDispatchingStrategy.cs(138,34): warning CS8601: Possible null reference assignment. [/home/juan/coding/ticket-masala/src/TicketMasala.Web/TicketMasala.Web.csproj]
/home/juan/coding/ticket-masala/src/TicketMasala.Web/Engine/GERDA/Dispatching/MatrixFactorizationDispatchingStrategy.cs(239,26): warning CS8601: Possible null reference assignment. [/home/juan/coding/ticket-masala/src/TicketMasala.Web/TicketMasala.Web.csproj]
/home/juan/coding/ticket-masala/src/TicketMasala.Web/ViewModels/Dashboard/TeamDashboardViewModel.cs(69,19): warning CS8618: Non-nullable property 'AgentId' must contain a non-null value when exiting constructor. Consider adding the 'required' modifier or declaring the property as nullable. [/home/juan/coding/ticket-masala/src/TicketMasala.Web/TicketMasala.Web.csproj]
/home/juan/coding/ticket-masala/src/TicketMasala.Web/ViewModels/Dashboard/TeamDashboardViewModel.cs(70,19): warning CS8618: Non-nullable property 'AgentName' must contain a non-null value when exiting constructor. Consider adding the 'required' modifier or declaring the property as nullable. [/home/juan/coding/ticket-masala/src/TicketMasala.Web/TicketMasala.Web.csproj]
/home/juan/coding/ticket-masala/src/TicketMasala.Web/Controllers/ImportController.cs(121,80): warning CS8604: Possible null reference argument for parameter 'uploaderId' in 'Task<int> ITicketImportService.ImportTicketsAsync(List<dynamic> rows, Dictionary<string, string> mapping, string uploaderId, Guid departmentId)'. [/home/juan/coding/ticket-masala/src/TicketMasala.Web/TicketMasala.Web.csproj]
/home/juan/coding/ticket-masala/src/TicketMasala.Web/Controllers/ManagerController.cs(164,38): warning CS8601: Possible null reference assignment. [/home/juan/coding/ticket-masala/src/TicketMasala.Web/TicketMasala.Web.csproj]
/home/juan/coding/ticket-masala/src/TicketMasala.Web/Views/Ticket/Create.cshtml(77,63): warning CS8602: Dereference of a possibly null reference. [/home/juan/coding/ticket-masala/src/TicketMasala.Web/TicketMasala.Web.csproj]
/home/juan/coding/ticket-masala/src/TicketMasala.Web/Views/Ticket/Create.cshtml(99,59): warning CS8602: Dereference of a possibly null reference. [/home/juan/coding/ticket-masala/src/TicketMasala.Web/TicketMasala.Web.csproj]
/home/juan/coding/ticket-masala/src/TicketMasala.Web/Views/Ticket/Create.cshtml(115,58): warning CS8602: Dereference of a possibly null reference. [/home/juan/coding/ticket-masala/src/TicketMasala.Web/TicketMasala.Web.csproj]
/home/juan/coding/ticket-masala/src/TicketMasala.Tests/UnitTests/Data/DbSeederTests.cs(31,85): warning CS8625: Cannot convert null literal to non-nullable reference type. [/home/juan/coding/ticket-masala/src/TicketMasala.Tests/TicketMasala.Tests.csproj]
/home/juan/coding/ticket-masala/src/TicketMasala.Tests/UnitTests/Data/DbSeederTests.cs(31,91): warning CS8625: Cannot convert null literal to non-nullable reference type. [/home/juan/coding/ticket-masala/src/TicketMasala.Tests/TicketMasala.Tests.csproj]
/home/juan/coding/ticket-masala/src/TicketMasala.Tests/UnitTests/Data/DbSeederTests.cs(31,97): warning CS8625: Cannot convert null literal to non-nullable reference type. [/home/juan/coding/ticket-masala/src/TicketMasala.Tests/TicketMasala.Tests.csproj]
/home/juan/coding/ticket-masala/src/TicketMasala.Tests/UnitTests/Data/DbSeederTests.cs(31,103): warning CS8625: Cannot convert null literal to non-nullable reference type. [/home/juan/coding/ticket-masala/src/TicketMasala.Tests/TicketMasala.Tests.csproj]
/home/juan/coding/ticket-masala/src/TicketMasala.Tests/UnitTests/Data/DbSeederTests.cs(31,109): warning CS8625: Cannot convert null literal to non-nullable reference type. [/home/juan/coding/ticket-masala/src/TicketMasala.Tests/TicketMasala.Tests.csproj]
/home/juan/coding/ticket-masala/src/TicketMasala.Tests/UnitTests/Data/DbSeederTests.cs(31,115): warning CS8625: Cannot convert null literal to non-nullable reference type. [/home/juan/coding/ticket-masala/src/TicketMasala.Tests/TicketMasala.Tests.csproj]
/home/juan/coding/ticket-masala/src/TicketMasala.Tests/UnitTests/Data/DbSeederTests.cs(31,121): warning CS8625: Cannot convert null literal to non-nullable reference type. [/home/juan/coding/ticket-masala/src/TicketMasala.Tests/TicketMasala.Tests.csproj]
/home/juan/coding/ticket-masala/src/TicketMasala.Tests/UnitTests/Data/DbSeederTests.cs(31,127): warning CS8625: Cannot convert null literal to non-nullable reference type. [/home/juan/coding/ticket-masala/src/TicketMasala.Tests/TicketMasala.Tests.csproj]
/home/juan/coding/ticket-masala/src/TicketMasala.Tests/UnitTests/Data/DbSeederTests.cs(34,82): warning CS8625: Cannot convert null literal to non-nullable reference type. [/home/juan/coding/ticket-masala/src/TicketMasala.Tests/TicketMasala.Tests.csproj]
/home/juan/coding/ticket-masala/src/TicketMasala.Tests/UnitTests/Data/DbSeederTests.cs(34,88): warning CS8625: Cannot convert null literal to non-nullable reference type. [/home/juan/coding/ticket-masala/src/TicketMasala.Tests/TicketMasala.Tests.csproj]
/home/juan/coding/ticket-masala/src/TicketMasala.Tests/UnitTests/Data/DbSeederTests.cs(34,94): warning CS8625: Cannot convert null literal to non-nullable reference type. [/home/juan/coding/ticket-masala/src/TicketMasala.Tests/TicketMasala.Tests.csproj]
/home/juan/coding/ticket-masala/src/TicketMasala.Tests/UnitTests/Data/DbSeederTests.cs(34,100): warning CS8625: Cannot convert null literal to non-nullable reference type. [/home/juan/coding/ticket-masala/src/TicketMasala.Tests/TicketMasala.Tests.csproj]
/home/juan/coding/ticket-masala/src/TicketMasala.Tests/Services/ProjectServiceTests.cs(55,27): warning CS8625: Cannot convert null literal to non-nullable reference type. [/home/juan/coding/ticket-masala/src/TicketMasala.Tests/TicketMasala.Tests.csproj]
/home/juan/coding/ticket-masala/src/TicketMasala.Tests/Services/ProjectServiceTests.cs(55,33): warning CS8625: Cannot convert null literal to non-nullable reference type. [/home/juan/coding/ticket-masala/src/TicketMasala.Tests/TicketMasala.Tests.csproj]
/home/juan/coding/ticket-masala/src/TicketMasala.Tests/Services/ProjectServiceTests.cs(55,39): warning CS8625: Cannot convert null literal to non-nullable reference type. [/home/juan/coding/ticket-masala/src/TicketMasala.Tests/TicketMasala.Tests.csproj]
/home/juan/coding/ticket-masala/src/TicketMasala.Tests/Services/ProjectServiceTests.cs(55,45): warning CS8625: Cannot convert null literal to non-nullable reference type. [/home/juan/coding/ticket-masala/src/TicketMasala.Tests/TicketMasala.Tests.csproj]
/home/juan/coding/ticket-masala/src/TicketMasala.Tests/Services/ProjectServiceTests.cs(55,51): warning CS8625: Cannot convert null literal to non-nullable reference type. [/home/juan/coding/ticket-masala/src/TicketMasala.Tests/TicketMasala.Tests.csproj]
/home/juan/coding/ticket-masala/src/TicketMasala.Tests/Services/ProjectServiceTests.cs(55,57): warning CS8625: Cannot convert null literal to non-nullable reference type. [/home/juan/coding/ticket-masala/src/TicketMasala.Tests/TicketMasala.Tests.csproj]
/home/juan/coding/ticket-masala/src/TicketMasala.Tests/Services/ProjectServiceTests.cs(55,63): warning CS8625: Cannot convert null literal to non-nullable reference type. [/home/juan/coding/ticket-masala/src/TicketMasala.Tests/TicketMasala.Tests.csproj]
/home/juan/coding/ticket-masala/src/TicketMasala.Tests/Services/ProjectServiceTests.cs(55,69): warning CS8625: Cannot convert null literal to non-nullable reference type. [/home/juan/coding/ticket-masala/src/TicketMasala.Tests/TicketMasala.Tests.csproj]
/home/juan/coding/ticket-masala/src/TicketMasala.Tests/UnitTests/Data/DbSeederTests.cs(99,47): warning CS8602: Dereference of a possibly null reference. [/home/juan/coding/ticket-masala/src/TicketMasala.Tests/TicketMasala.Tests.csproj]
/home/juan/coding/ticket-masala/src/TicketMasala.Tests/UnitTests/Data/DbSeederTests.cs(101,17): warning CS8620: Argument of type 'Func<It.IsAnyType, Exception, string>' cannot be used for parameter 'formatter' of type 'Func<It.IsAnyType, Exception?, string>' in 'void ILogger.Log<IsAnyType>(LogLevel logLevel, EventId eventId, IsAnyType state, Exception? exception, Func<IsAnyType, Exception?, string> formatter)' due to differences in the nullability of reference types. [/home/juan/coding/ticket-masala/src/TicketMasala.Tests/TicketMasala.Tests.csproj]
    55 Warning(s)
    0 Error(s)

Time Elapsed 00:00:03.22
