C:\Users\jbenjumeamoreno\source\repos\project-atom\dotnet\src\TicketMasala\src\TicketMasala.Tests\Robustness\CrashTests.cs(112,34): error CS1729: 'TicketController' does not contain a constructor that takes 10 arguments [C:\Users\jbenjumeamoreno\source\repos\project-atom\dotnet\src\TicketMasala\src\TicketMasala.Tests\TicketMasala.Tests.csproj]
C:\Users\jbenjumeamoreno\source\repos\project-atom\dotnet\src\TicketMasala\src\TicketMasala.Tests\Controllers\ManagerControllerTests.cs(48,27): error CS1729: 'ManagerController' does not contain a constructor that takes 9 arguments [C:\Users\jbenjumeamoreno\source\repos\project-atom\dotnet\src\TicketMasala\src\TicketMasala.Tests\TicketMasala.Tests.csproj]
C:\Users\jbenjumeamoreno\source\repos\project-atom\dotnet\src\TicketMasala\src\TicketMasala.Tests\Robustness\CrashTests.cs(151,34): error CS1729: 'TicketController' does not contain a constructor that takes 10 arguments [C:\Users\jbenjumeamoreno\source\repos\project-atom\dotnet\src\TicketMasala\src\TicketMasala.Tests\TicketMasala.Tests.csproj]
C:\Users\jbenjumeamoreno\source\repos\project-atom\dotnet\src\TicketMasala\src\TicketMasala.Tests\IntegrationTests\Database\KnowledgeSnippetRepositoryIntegrationTests.cs(102,26): warning CS8602: Dereference of a possibly null reference. [C:\Users\jbenjumeamoreno\source\repos\project-atom\dotnet\src\TicketMasala\src\TicketMasala.Tests\TicketMasala.Tests.csproj]
C:\Users\jbenjumeamoreno\source\repos\project-atom\dotnet\src\TicketMasala\src\TicketMasala.Tests\Repositories\KnowledgeBaseRepositoryTests.cs(110,25): warning CS8602: Dereference of a possibly null reference. [C:\Users\jbenjumeamoreno\source\repos\project-atom\dotnet\src\TicketMasala\src\TicketMasala.Tests\TicketMasala.Tests.csproj]
C:\Users\jbenjumeamoreno\source\repos\project-atom\dotnet\src\TicketMasala\src\TicketMasala.Tests\Controllers\ManagerControllerTests.cs(77,40): error CS1061: 'ManagerController' does not contain a definition for 'TeamDashboard' and no accessible extension method 'TeamDashboard' accepting a first argument of type 'ManagerController' could be found (are you missing a using directive or an assembly reference?) [C:\Users\jbenjumeamoreno\source\repos\project-atom\dotnet\src\TicketMasala\src\TicketMasala.Tests\TicketMasala.Tests.csproj]
C:\Users\jbenjumeamoreno\source\repos\project-atom\dotnet\src\TicketMasala\src\TicketMasala.Tests\Controllers\ManagerControllerTests.cs(115,40): error CS1061: 'ManagerController' does not contain a definition for 'BatchAssignTickets' and no accessible extension method 'BatchAssignTickets' accepting a first argument of type 'ManagerController' could be found (are you missing a using directive or an assembly reference?) [C:\Users\jbenjumeamoreno\source\repos\project-atom\dotnet\src\TicketMasala\src\TicketMasala.Tests\TicketMasala.Tests.csproj]
C:\Users\jbenjumeamoreno\source\repos\project-atom\dotnet\src\TicketMasala\src\TicketMasala.Tests\Services\Enrichment\EnrichmentBackgroundServiceTests.cs(85,47): warning CS8602: Dereference of a possibly null reference. [C:\Users\jbenjumeamoreno\source\repos\project-atom\dotnet\src\TicketMasala\src\TicketMasala.Tests\TicketMasala.Tests.csproj]
C:\Users\jbenjumeamoreno\source\repos\project-atom\dotnet\src\TicketMasala\src\TicketMasala.Tests\Services\Enrichment\EnrichmentBackgroundServiceTests.cs(87,17): warning CS8620: Argument of type 'Func<It.IsAnyType, Exception, string>' cannot be used for parameter 'formatter' of type 'Func<It.IsAnyType, Exception?, string>' in 'void ILogger.Log<IsAnyType>(LogLevel logLevel, EventId eventId, IsAnyType state, Exception? exception, Func<IsAnyType, Exception?, string> formatter)' due to differences in the nullability of reference types. [C:\Users\jbenjumeamoreno\source\repos\project-atom\dotnet\src\TicketMasala\src\TicketMasala.Tests\TicketMasala.Tests.csproj]

Build FAILED.

C:\Users\jbenjumeamoreno\source\repos\project-atom\dotnet\src\TicketMasala\src\TicketMasala.Tests\IntegrationTests\Database\KnowledgeSnippetRepositoryIntegrationTests.cs(102,26): warning CS8602: Dereference of a possibly null reference. [C:\Users\jbenjumeamoreno\source\repos\project-atom\dotnet\src\TicketMasala\src\TicketMasala.Tests\TicketMasala.Tests.csproj]
C:\Users\jbenjumeamoreno\source\repos\project-atom\dotnet\src\TicketMasala\src\TicketMasala.Tests\Repositories\KnowledgeBaseRepositoryTests.cs(110,25): warning CS8602: Dereference of a possibly null reference. [C:\Users\jbenjumeamoreno\source\repos\project-atom\dotnet\src\TicketMasala\src\TicketMasala.Tests\TicketMasala.Tests.csproj]
C:\Users\jbenjumeamoreno\source\repos\project-atom\dotnet\src\TicketMasala\src\TicketMasala.Tests\Services\Enrichment\EnrichmentBackgroundServiceTests.cs(85,47): warning CS8602: Dereference of a possibly null reference. [C:\Users\jbenjumeamoreno\source\repos\project-atom\dotnet\src\TicketMasala\src\TicketMasala.Tests\TicketMasala.Tests.csproj]
C:\Users\jbenjumeamoreno\source\repos\project-atom\dotnet\src\TicketMasala\src\TicketMasala.Tests\Services\Enrichment\EnrichmentBackgroundServiceTests.cs(87,17): warning CS8620: Argument of type 'Func<It.IsAnyType, Exception, string>' cannot be used for parameter 'formatter' of type 'Func<It.IsAnyType, Exception?, string>' in 'void ILogger.Log<IsAnyType>(LogLevel logLevel, EventId eventId, IsAnyType state, Exception? exception, Func<IsAnyType, Exception?, string> formatter)' due to differences in the nullability of reference types. [C:\Users\jbenjumeamoreno\source\repos\project-atom\dotnet\src\TicketMasala\src\TicketMasala.Tests\TicketMasala.Tests.csproj]
C:\Users\jbenjumeamoreno\source\repos\project-atom\dotnet\src\TicketMasala\src\TicketMasala.Tests\Robustness\CrashTests.cs(112,34): error CS1729: 'TicketController' does not contain a constructor that takes 10 arguments [C:\Users\jbenjumeamoreno\source\repos\project-atom\dotnet\src\TicketMasala\src\TicketMasala.Tests\TicketMasala.Tests.csproj]
C:\Users\jbenjumeamoreno\source\repos\project-atom\dotnet\src\TicketMasala\src\TicketMasala.Tests\Controllers\ManagerControllerTests.cs(48,27): error CS1729: 'ManagerController' does not contain a constructor that takes 9 arguments [C:\Users\jbenjumeamoreno\source\repos\project-atom\dotnet\src\TicketMasala\src\TicketMasala.Tests\TicketMasala.Tests.csproj]
C:\Users\jbenjumeamoreno\source\repos\project-atom\dotnet\src\TicketMasala\src\TicketMasala.Tests\Robustness\CrashTests.cs(151,34): error CS1729: 'TicketController' does not contain a constructor that takes 10 arguments [C:\Users\jbenjumeamoreno\source\repos\project-atom\dotnet\src\TicketMasala\src\TicketMasala.Tests\TicketMasala.Tests.csproj]
C:\Users\jbenjumeamoreno\source\repos\project-atom\dotnet\src\TicketMasala\src\TicketMasala.Tests\Controllers\ManagerControllerTests.cs(77,40): error CS1061: 'ManagerController' does not contain a definition for 'TeamDashboard' and no accessible extension method 'TeamDashboard' accepting a first argument of type 'ManagerController' could be found (are you missing a using directive or an assembly reference?) [C:\Users\jbenjumeamoreno\source\repos\project-atom\dotnet\src\TicketMasala\src\TicketMasala.Tests\TicketMasala.Tests.csproj]
C:\Users\jbenjumeamoreno\source\repos\project-atom\dotnet\src\TicketMasala\src\TicketMasala.Tests\Controllers\ManagerControllerTests.cs(115,40): error CS1061: 'ManagerController' does not contain a definition for 'BatchAssignTickets' and no accessible extension method 'BatchAssignTickets' accepting a first argument of type 'ManagerController' could be found (are you missing a using directive or an assembly reference?) [C:\Users\jbenjumeamoreno\source\repos\project-atom\dotnet\src\TicketMasala\src\TicketMasala.Tests\TicketMasala.Tests.csproj]
    4 Warning(s)
    5 Error(s)

Time Elapsed 00:00:04.28
