  Determining projects to restore...
  All projects are up-to-date for restore.
/home/juan/coding/ticket-masala/src/TicketMasala.Web/Areas/Identity/Pages/Account/Register.cshtml.cs(119,57): warning CS8625: Cannot convert null literal to non-nullable reference type. [/home/juan/coding/ticket-masala/src/TicketMasala.Web/TicketMasala.Web.csproj]
/home/juan/coding/ticket-masala/src/TicketMasala.Web/Areas/Identity/Pages/Account/Register.cshtml.cs(125,73): warning CS8625: Cannot convert null literal to non-nullable reference type. [/home/juan/coding/ticket-masala/src/TicketMasala.Web/TicketMasala.Web.csproj]
/home/juan/.nuget/packages/microsoft.net.test.sdk/18.0.1/build/net8.0/Microsoft.NET.Test.Sdk.Program.cs(4,41): warning CS7022: The entry point of the program is global code; ignoring 'AutoGeneratedProgram.Main(string[])' entry point. [/home/juan/coding/ticket-masala/src/TicketMasala.Web/TicketMasala.Web.csproj]
/home/juan/coding/ticket-masala/src/TicketMasala.Web/ViewModels/Tickets/TicketViewModel.cs(32,23): warning CS8618: Non-nullable property 'Description' must contain a non-null value when exiting constructor. Consider adding the 'required' modifier or declaring the property as nullable. [/home/juan/coding/ticket-masala/src/TicketMasala.Web/TicketMasala.Web.csproj]
/home/juan/coding/ticket-masala/src/TicketMasala.Web/ViewModels/Tickets/TicketViewModel.cs(17,19): warning CS8618: Non-nullable property 'ResponsibleName' must contain a non-null value when exiting constructor. Consider adding the 'required' modifier or declaring the property as nullable. [/home/juan/coding/ticket-masala/src/TicketMasala.Web/TicketMasala.Web.csproj]
/home/juan/coding/ticket-masala/src/TicketMasala.Web/ViewModels/Tickets/TicketViewModel.cs(18,19): warning CS8618: Non-nullable property 'CustomerName' must contain a non-null value when exiting constructor. Consider adding the 'required' modifier or declaring the property as nullable. [/home/juan/coding/ticket-masala/src/TicketMasala.Web/TicketMasala.Web.csproj]
/home/juan/coding/ticket-masala/src/TicketMasala.Web/Engine/Projects/ProjectService.cs(65,34): warning CS8601: Possible null reference assignment. [/home/juan/coding/ticket-masala/src/TicketMasala.Web/TicketMasala.Web.csproj]
/home/juan/coding/ticket-masala/src/TicketMasala.Web/Models/QualityReview.cs(16,19): warning CS8618: Non-nullable property 'Ticket' must contain a non-null value when exiting constructor. Consider adding the 'required' modifier or declaring the property as nullable. [/home/juan/coding/ticket-masala/src/TicketMasala.Web/TicketMasala.Web.csproj]
/home/juan/coding/ticket-masala/src/TicketMasala.Web/Models/QualityReview.cs(19,19): warning CS8618: Non-nullable property 'ReviewerId' must contain a non-null value when exiting constructor. Consider adding the 'required' modifier or declaring the property as nullable. [/home/juan/coding/ticket-masala/src/TicketMasala.Web/TicketMasala.Web.csproj]
/home/juan/coding/ticket-masala/src/TicketMasala.Web/Areas/Identity/Pages/Account/Register.cshtml.cs(35,16): warning CS8618: Non-nullable property 'Input' must contain a non-null value when exiting constructor. Consider adding the 'required' modifier or declaring the property as nullable. [/home/juan/coding/ticket-masala/src/TicketMasala.Web/TicketMasala.Web.csproj]
/home/juan/coding/ticket-masala/src/TicketMasala.Web/Areas/Identity/Pages/Account/Register.cshtml.cs(35,16): warning CS8618: Non-nullable property 'ReturnUrl' must contain a non-null value when exiting constructor. Consider adding the 'required' modifier or declaring the property as nullable. [/home/juan/coding/ticket-masala/src/TicketMasala.Web/TicketMasala.Web.csproj]
/home/juan/coding/ticket-masala/src/TicketMasala.Web/Areas/Identity/Pages/Account/Register.cshtml.cs(35,16): warning CS8618: Non-nullable property 'ExternalLogins' must contain a non-null value when exiting constructor. Consider adding the 'required' modifier or declaring the property as nullable. [/home/juan/coding/ticket-masala/src/TicketMasala.Web/TicketMasala.Web.csproj]
/home/juan/coding/ticket-masala/src/TicketMasala.Web/Controllers/Api/TicketsApiController.cs(214,29): warning CS8604: Possible null reference argument for parameter 'customerId' in 'Task<Ticket> ITicketService.CreateTicketAsync(string description, string customerId, string? responsibleId, Guid? projectGuid, DateTime? completionTarget)'. [/home/juan/coding/ticket-masala/src/TicketMasala.Web/TicketMasala.Web.csproj]
/home/juan/coding/ticket-masala/src/TicketMasala.Web/Extensions/QueryableExtensions.cs(117,37): warning CS8602: Dereference of a possibly null reference. [/home/juan/coding/ticket-masala/src/TicketMasala.Web/TicketMasala.Web.csproj]
/home/juan/coding/ticket-masala/src/TicketMasala.Web/Engine/Compiler/RuleCompilerService.cs(52,13): warning CS0219: The variable 'ruleCount' is assigned but its value is never used [/home/juan/coding/ticket-masala/src/TicketMasala.Web/TicketMasala.Web.csproj]
/home/juan/coding/ticket-masala/src/TicketMasala.Web/Engine/GERDA/Tickets/TicketService.cs(275,29): warning CS8601: Possible null reference assignment. [/home/juan/coding/ticket-masala/src/TicketMasala.Web/TicketMasala.Web.csproj]
/home/juan/coding/ticket-masala/src/TicketMasala.Web/Areas/Identity/Pages/Account/Register.cshtml.cs(161,95): warning CS8604: Possible null reference argument for parameter 'value' in 'string TextEncoder.Encode(string value)'. [/home/juan/coding/ticket-masala/src/TicketMasala.Web/TicketMasala.Web.csproj]
/home/juan/coding/ticket-masala/src/TicketMasala.Web/Areas/Identity/Pages/Account/Register.cshtml.cs(79,27): warning CS8618: Non-nullable property 'FirstName' must contain a non-null value when exiting constructor. Consider adding the 'required' modifier or declaring the property as nullable. [/home/juan/coding/ticket-masala/src/TicketMasala.Web/TicketMasala.Web.csproj]
/home/juan/coding/ticket-masala/src/TicketMasala.Web/Areas/Identity/Pages/Account/Register.cshtml.cs(83,27): warning CS8618: Non-nullable property 'LastName' must contain a non-null value when exiting constructor. Consider adding the 'required' modifier or declaring the property as nullable. [/home/juan/coding/ticket-masala/src/TicketMasala.Web/TicketMasala.Web.csproj]
/home/juan/coding/ticket-masala/src/TicketMasala.Web/Areas/Identity/Pages/Account/Register.cshtml.cs(96,27): warning CS8618: Non-nullable property 'Email' must contain a non-null value when exiting constructor. Consider adding the 'required' modifier or declaring the property as nullable. [/home/juan/coding/ticket-masala/src/TicketMasala.Web/TicketMasala.Web.csproj]
/home/juan/coding/ticket-masala/src/TicketMasala.Web/Areas/Identity/Pages/Account/Register.cshtml.cs(106,27): warning CS8618: Non-nullable property 'Password' must contain a non-null value when exiting constructor. Consider adding the 'required' modifier or declaring the property as nullable. [/home/juan/coding/ticket-masala/src/TicketMasala.Web/TicketMasala.Web.csproj]
/home/juan/coding/ticket-masala/src/TicketMasala.Web/Areas/Identity/Pages/Account/Register.cshtml.cs(115,27): warning CS8618: Non-nullable property 'ConfirmPassword' must contain a non-null value when exiting constructor. Consider adding the 'required' modifier or declaring the property as nullable. [/home/juan/coding/ticket-masala/src/TicketMasala.Web/TicketMasala.Web.csproj]
/home/juan/coding/ticket-masala/src/TicketMasala.Web/ViewModels/Projects/ProjectViewModel.cs(14,24): warning CS8618: Non-nullable property 'ProjectManager' must contain a non-null value when exiting constructor. Consider adding the 'required' modifier or declaring the property as nullable. [/home/juan/coding/ticket-masala/src/TicketMasala.Web/TicketMasala.Web.csproj]
/home/juan/coding/ticket-masala/src/TicketMasala.Web/Data/DbSeeder.cs(221,28): warning CS8601: Possible null reference assignment. [/home/juan/coding/ticket-masala/src/TicketMasala.Web/TicketMasala.Web.csproj]
/home/juan/coding/ticket-masala/src/TicketMasala.Web/ViewModels/Dashboard/TeamDashboardViewModel.cs(68,23): warning CS8618: Non-nullable property 'AgentId' must contain a non-null value when exiting constructor. Consider adding the 'required' modifier or declaring the property as nullable. [/home/juan/coding/ticket-masala/src/TicketMasala.Web/TicketMasala.Web.csproj]
/home/juan/coding/ticket-masala/src/TicketMasala.Web/ViewModels/Dashboard/TeamDashboardViewModel.cs(69,23): warning CS8618: Non-nullable property 'AgentName' must contain a non-null value when exiting constructor. Consider adding the 'required' modifier or declaring the property as nullable. [/home/juan/coding/ticket-masala/src/TicketMasala.Web/TicketMasala.Web.csproj]
/home/juan/coding/ticket-masala/src/TicketMasala.Web/Controllers/ImportController.cs(120,84): warning CS8604: Possible null reference argument for parameter 'uploaderId' in 'Task<int> ITicketImportService.ImportTicketsAsync(List<dynamic> rows, Dictionary<string, string> mapping, string uploaderId, Guid departmentId)'. [/home/juan/coding/ticket-masala/src/TicketMasala.Web/TicketMasala.Web.csproj]
/home/juan/coding/ticket-masala/src/TicketMasala.Web/Controllers/TicketCommentsController.cs(30,83): warning CS8604: Possible null reference argument for parameter 'authorId' in 'Task<TicketComment> ITicketService.AddCommentAsync(Guid ticketId, string body, bool isInternal, string authorId)'. [/home/juan/coding/ticket-masala/src/TicketMasala.Web/TicketMasala.Web.csproj]
/home/juan/coding/ticket-masala/src/TicketMasala.Web/Controllers/ManagerController.cs(149,42): warning CS8601: Possible null reference assignment. [/home/juan/coding/ticket-masala/src/TicketMasala.Web/TicketMasala.Web.csproj]
/home/juan/coding/ticket-masala/src/TicketMasala.Web/Engine/GERDA/Dispatching/MatrixFactorizationDispatchingStrategy.cs(137,38): warning CS8601: Possible null reference assignment. [/home/juan/coding/ticket-masala/src/TicketMasala.Web/TicketMasala.Web.csproj]
/home/juan/coding/ticket-masala/src/TicketMasala.Web/Engine/GERDA/Dispatching/MatrixFactorizationDispatchingStrategy.cs(238,30): warning CS8601: Possible null reference assignment. [/home/juan/coding/ticket-masala/src/TicketMasala.Web/TicketMasala.Web.csproj]
/home/juan/coding/ticket-masala/src/TicketMasala.Web/Views/Ticket/Create.cshtml(75,59): warning CS8602: Dereference of a possibly null reference. [/home/juan/coding/ticket-masala/src/TicketMasala.Web/TicketMasala.Web.csproj]
/home/juan/coding/ticket-masala/src/TicketMasala.Web/Views/Ticket/Create.cshtml(91,59): warning CS8602: Dereference of a possibly null reference. [/home/juan/coding/ticket-masala/src/TicketMasala.Web/TicketMasala.Web.csproj]
/home/juan/coding/ticket-masala/src/TicketMasala.Web/Views/Ticket/Create.cshtml(107,58): warning CS8602: Dereference of a possibly null reference. [/home/juan/coding/ticket-masala/src/TicketMasala.Web/TicketMasala.Web.csproj]
  TicketMasala.Web -> /home/juan/coding/ticket-masala/src/TicketMasala.Web/bin/Debug/net10.0/TicketMasala.Web.dll
Test run for /home/juan/coding/ticket-masala/src/TicketMasala.Web/bin/Debug/net10.0/TicketMasala.Web.dll (.NETCoreApp,Version=v10.0)
VSTest version 18.0.1-dev (x64)

Starting test execution, please wait...
A total of 1 test files matched the specified pattern.
[xUnit.net 00:00:00.00] xUnit.net VSTest Adapter v3.1.5+1b188a7b0a (64-bit .NET 10.0.0)
[xUnit.net 00:00:00.09]   Discovering: TicketMasala.Web
[xUnit.net 00:00:00.13]   Discovered:  TicketMasala.Web
No test is available in /home/juan/coding/ticket-masala/src/TicketMasala.Web/bin/Debug/net10.0/TicketMasala.Web.dll. Make sure that test discoverer & executors are registered and platform & framework version settings are appropriate and try again.

Additionally, path to test adapters can be specified using /TestAdapterPath command. Example  /TestAdapterPath:<pathToCustomAdapters>.
/home/juan/coding/ticket-masala/src/TicketMasala.Tests/Services/ProjectServiceTests.cs(18,7): warning CS0105: The using directive for 'TicketMasala.Web.Data' appeared previously in this namespace [/home/juan/coding/ticket-masala/src/TicketMasala.Tests/TicketMasala.Tests.csproj]
/home/juan/coding/ticket-masala/src/TicketMasala.Tests/IntegrationTests/AuthenticatedRouteTests.cs(22,52): warning CS0618: 'ISystemClock' is obsolete: 'Use TimeProvider instead.' [/home/juan/coding/ticket-masala/src/TicketMasala.Tests/TicketMasala.Tests.csproj]
/home/juan/coding/ticket-masala/src/TicketMasala.Tests/IntegrationTests/AuthenticatedRouteTests.cs(23,9): warning CS0618: 'AuthenticationHandler<AuthenticationSchemeOptions>.AuthenticationHandler(IOptionsMonitor<AuthenticationSchemeOptions>, ILoggerFactory, UrlEncoder, ISystemClock)' is obsolete: 'ISystemClock is obsolete, use TimeProvider on AuthenticationSchemeOptions instead.' [/home/juan/coding/ticket-masala/src/TicketMasala.Tests/TicketMasala.Tests.csproj]
/home/juan/coding/ticket-masala/src/TicketMasala.Tests/Services/ProjectServiceTests.cs(54,31): warning CS8625: Cannot convert null literal to non-nullable reference type. [/home/juan/coding/ticket-masala/src/TicketMasala.Tests/TicketMasala.Tests.csproj]
/home/juan/coding/ticket-masala/src/TicketMasala.Tests/Services/ProjectServiceTests.cs(54,37): warning CS8625: Cannot convert null literal to non-nullable reference type. [/home/juan/coding/ticket-masala/src/TicketMasala.Tests/TicketMasala.Tests.csproj]
/home/juan/coding/ticket-masala/src/TicketMasala.Tests/Services/ProjectServiceTests.cs(54,43): warning CS8625: Cannot convert null literal to non-nullable reference type. [/home/juan/coding/ticket-masala/src/TicketMasala.Tests/TicketMasala.Tests.csproj]
/home/juan/coding/ticket-masala/src/TicketMasala.Tests/Services/ProjectServiceTests.cs(54,49): warning CS8625: Cannot convert null literal to non-nullable reference type. [/home/juan/coding/ticket-masala/src/TicketMasala.Tests/TicketMasala.Tests.csproj]
/home/juan/coding/ticket-masala/src/TicketMasala.Tests/Services/ProjectServiceTests.cs(54,55): warning CS8625: Cannot convert null literal to non-nullable reference type. [/home/juan/coding/ticket-masala/src/TicketMasala.Tests/TicketMasala.Tests.csproj]
/home/juan/coding/ticket-masala/src/TicketMasala.Tests/Services/ProjectServiceTests.cs(54,61): warning CS8625: Cannot convert null literal to non-nullable reference type. [/home/juan/coding/ticket-masala/src/TicketMasala.Tests/TicketMasala.Tests.csproj]
/home/juan/coding/ticket-masala/src/TicketMasala.Tests/Services/ProjectServiceTests.cs(54,67): warning CS8625: Cannot convert null literal to non-nullable reference type. [/home/juan/coding/ticket-masala/src/TicketMasala.Tests/TicketMasala.Tests.csproj]
/home/juan/coding/ticket-masala/src/TicketMasala.Tests/Services/ProjectServiceTests.cs(54,73): warning CS8625: Cannot convert null literal to non-nullable reference type. [/home/juan/coding/ticket-masala/src/TicketMasala.Tests/TicketMasala.Tests.csproj]
/home/juan/coding/ticket-masala/src/TicketMasala.Tests/Controllers/ManagerControllerTests.cs(120,31): warning CS8602: Dereference of a possibly null reference. [/home/juan/coding/ticket-masala/src/TicketMasala.Tests/TicketMasala.Tests.csproj]
/home/juan/coding/ticket-masala/src/TicketMasala.Tests/Controllers/ManagerControllerTests.cs(123,27): warning CS8602: Dereference of a possibly null reference. [/home/juan/coding/ticket-masala/src/TicketMasala.Tests/TicketMasala.Tests.csproj]
/home/juan/coding/ticket-masala/src/TicketMasala.Tests/Controllers/ManagerControllerTests.cs(123,21): warning CS8605: Unboxing a possibly null value. [/home/juan/coding/ticket-masala/src/TicketMasala.Tests/TicketMasala.Tests.csproj]
/home/juan/coding/ticket-masala/src/TicketMasala.Tests/Controllers/ManagerControllerTests.cs(124,30): warning CS8602: Dereference of a possibly null reference. [/home/juan/coding/ticket-masala/src/TicketMasala.Tests/TicketMasala.Tests.csproj]
/home/juan/coding/ticket-masala/src/TicketMasala.Tests/Controllers/ManagerControllerTests.cs(124,25): warning CS8605: Unboxing a possibly null value. [/home/juan/coding/ticket-masala/src/TicketMasala.Tests/TicketMasala.Tests.csproj]
/home/juan/coding/ticket-masala/src/TicketMasala.Tests/IntegrationTests/Database/DatabaseConstraintTests.cs(256,13): warning xUnit2002: Do not use Assert.NotNull() on value type 'Guid'. Remove this assert. (https://xunit.net/xunit.analyzers/rules/xUnit2002) [/home/juan/coding/ticket-masala/src/TicketMasala.Tests/TicketMasala.Tests.csproj]
  TicketMasala.Tests -> /home/juan/coding/ticket-masala/src/TicketMasala.Tests/bin/Debug/net10.0/TicketMasala.Tests.dll
Test run for /home/juan/coding/ticket-masala/src/TicketMasala.Tests/bin/Debug/net10.0/TicketMasala.Tests.dll (.NETCoreApp,Version=v10.0)
VSTest version 18.0.1-dev (x64)

Starting test execution, please wait...
A total of 1 test files matched the specified pattern.
[xUnit.net 00:00:00.00] xUnit.net VSTest Adapter v3.0.0+e341b939fe (64-bit .NET 10.0.0)
[xUnit.net 00:00:00.05]   Discovering: TicketMasala.Tests
[xUnit.net 00:00:00.08]   Discovered:  TicketMasala.Tests
[xUnit.net 00:00:00.10]   Starting:    TicketMasala.Tests
  Passed TicketMasala.Tests.Services.GERDA.Features.DynamicFeatureExtractorTests.ExtractFeatures_OneHot_MatchesTarget [16 ms]
  Passed TicketMasala.Tests.Services.GERDA.Features.DynamicFeatureExtractorTests.ExtractFeatures_NumericMinMax_ScalesCorrectly [2 ms]
  Passed TicketMasala.Tests.Services.GERDA.Features.DynamicFeatureExtractorTests.ExtractFeatures_OneHot_Mismatch_ReturnsZero [< 1 ms]
  Passed TicketMasala.Tests.Services.GERDA.GerdaServiceTests.IsEnabled_WhenConfigDisabled_ReturnsFalse [78 ms]
  Passed TicketMasala.Tests.Controllers.TicketCommentsControllerTests.Add_ReturnsNotFound_WhenTicketServiceThrowsArgumentException [90 ms]
  Passed TicketMasala.Tests.Services.GERDA.GerdaServiceTests.ProcessTicketAsync_CallsEstimatingService [15 ms]
  Passed TicketMasala.Tests.Controllers.TicketCommentsControllerTests.Add_DoesNothing_WhenCommentIsEmpty [3 ms]
  Passed TicketMasala.Tests.Controllers.ManagerControllerTests.TeamDashboard_ReturnsViewWithMetrics [97 ms]
  Passed TicketMasala.Tests.Services.GERDA.GerdaServiceTests.ProcessTicketAsync_WhenRankingEnabled_CallsRankingService [5 ms]
  Passed TicketMasala.Tests.Services.GERDA.GerdaServiceTests.ProcessTicketAsync_WhenDisabled_DoesNotProcess [< 1 ms]
  Passed TicketMasala.Tests.Controllers.TicketCommentsControllerTests.Add_RedirectsToDetail_WithValidComment [6 ms]
  Passed TicketMasala.Tests.Services.GERDA.GerdaServiceTests.ProcessTicketAsync_CallsGroupingService [1 ms]
  Passed TicketMasala.Tests.Services.GERDA.GerdaServiceTests.IsEnabled_WhenConfigEnabled_ReturnsTrue [< 1 ms]
  Passed TicketMasala.Tests.Services.GERDA.GerdaServiceTests.ProcessTicketAsync_WhenDispatchingEnabled_CallsDispatchingService [1 ms]
Loading configuration from: /home/juan/coding/ticket-masala/src/TicketMasala.Web/../../config
Loading configuration from: /home/juan/coding/ticket-masala/src/TicketMasala.Web/../../config
Loading configuration from: /home/juan/coding/ticket-masala/src/TicketMasala.Web/../../config
Loading configuration from: /home/juan/coding/ticket-masala/src/TicketMasala.Web/../../config
Loading configuration from: /home/juan/coding/ticket-masala/src/TicketMasala.Web/../../config
Loading configuration from: /home/juan/coding/ticket-masala/src/TicketMasala.Web/../../config
GERDA AI services initialized successfully
GERDA AI services initialized successfully
GERDA AI services initialized successfully
GERDA AI services initialized successfully
GERDA AI services initialized successfully
GERDA AI services initialized successfully
info: Program[0]
      ==================================================
info: Program[0]
      ==================================================
info: Program[0]
      Checking if database seeding is needed...
info: Program[0]
      ==================================================
info: Program[0]
      Checking if database seeding is needed...
info: Program[0]
      ==================================================
Using SQLite Provider with connection: Data Source=app.db
Using SQLite Provider with connection: Data Source=app.db
info: TicketMasala.Web.Data.DbSeeder[0]
      ========== DATABASE SEEDING STARTED ==========
info: TicketMasala.Web.Data.DbSeeder[0]
      ========== DATABASE SEEDING STARTED ==========
info: TicketMasala.Web.Data.DbSeeder[0]
      Ensuring database exists...
info: TicketMasala.Web.Data.DbSeeder[0]
      Using SQLite with EnsureCreated
info: TicketMasala.Web.Data.DbSeeder[0]
      Ensuring database exists...
info: TicketMasala.Web.Data.DbSeeder[0]
      Using SQLite with EnsureCreated
info: Microsoft.EntityFrameworkCore.Update[30100]
      Saved 0 entities to in-memory store.
info: Program[0]
      ==================================================
info: Program[0]
      Checking if database seeding is needed...
info: Program[0]
      ==================================================
info: Program[0]
      ==================================================
info: Program[0]
      Checking if database seeding is needed...
info: Program[0]
      ==================================================
info: Program[0]
      ==================================================
info: Program[0]
      Checking if database seeding is needed...
info: Program[0]
      ==================================================
info: TicketMasala.Web.Data.DbSeeder[0]
      ========== DATABASE SEEDING STARTED ==========
info: TicketMasala.Web.Data.DbSeeder[0]
      Ensuring database exists...
info: TicketMasala.Web.Data.DbSeeder[0]
      Using SQLite with EnsureCreated
info: TicketMasala.Web.Data.DbSeeder[0]
      ========== DATABASE SEEDING STARTED ==========
info: TicketMasala.Web.Data.DbSeeder[0]
      Ensuring database exists...
info: TicketMasala.Web.Data.DbSeeder[0]
      Using SQLite with EnsureCreated
info: TicketMasala.Web.Data.DbSeeder[0]
      ========== DATABASE SEEDING STARTED ==========
info: TicketMasala.Web.Data.DbSeeder[0]
      Ensuring database exists...
info: TicketMasala.Web.Data.DbSeeder[0]
      Using SQLite with EnsureCreated
info: Microsoft.EntityFrameworkCore.Database.Command[20101]
      Executed DbCommand (7ms) [Parameters=[], CommandType='Text', CommandTimeout='30']
      SELECT COUNT(*) FROM "sqlite_master" WHERE "type" = 'table' AND "rootpage" IS NOT NULL;
info: TicketMasala.Web.Data.DbSeeder[0]
      EnsureCreatedAsync result: False
info: TicketMasala.Web.Data.DbSeeder[0]
      EnsureCreatedAsync result: False
info: TicketMasala.Web.Data.DbSeeder[0]
      EnsureCreatedAsync result: False
info: TicketMasala.Web.Data.DbSeeder[0]
      EnsureCreatedAsync result: False
info: TicketMasala.Web.Data.DbSeeder[0]
      SQLite database tables verified
info: TicketMasala.Web.Data.DbSeeder[0]
      SQLite database tables verified
info: TicketMasala.Web.Data.DbSeeder[0]
      SQLite database tables verified
  Passed TicketMasala.Tests.Controllers.ManagerControllerTests.BatchAssignTickets_UsesGerdaRecommendations_WhenRequested [11 ms]
  Passed TicketMasala.Tests.Services.GERDA.GerdaServiceTests.ProcessAllOpenTicketsAsync_ProcessesOpenTickets [10 ms]
  Passed TicketMasala.Tests.Services.GERDA.GerdaServiceTests.ProcessAllOpenTicketsAsync_WhenDisabled_DoesNotProcess [1 ms]
  Passed TicketMasala.Tests.Controllers.ImportControllerTests.Upload_ReturnsMapFieldsView_WhenFileIsValid [131 ms]
  Passed TicketMasala.Tests.Controllers.ImportControllerTests.ExecuteImport_ReturnsRedirect_WhenMappingIsNull [2 ms]
  Passed TicketMasala.Tests.Controllers.ImportControllerTests.Upload_ReturnsRedirect_WhenFileIsNull [< 1 ms]
  Passed TicketMasala.Tests.Controllers.ImportControllerTests.ExecuteImport_ReturnsRedirect_WhenMappingIsEmpty [< 1 ms]
  Passed TicketMasala.Tests.Controllers.TicketAttachmentsControllerTests.Download_ReturnsNotFound_WhenDocumentDoesNotExist [627 ms]
  Passed TicketMasala.Tests.Controllers.TicketAttachmentsControllerTests.Upload_ReturnsRedirect_WhenFileIsNull [1 ms]
info: Microsoft.EntityFrameworkCore.Update[30100]
      Saved 1 entities to in-memory store.
info: Microsoft.EntityFrameworkCore.Update[30100]
      Saved 1 entities to in-memory store.
info: Microsoft.EntityFrameworkCore.Update[30100]
      Saved 1 entities to in-memory store.
info: Microsoft.EntityFrameworkCore.Update[30100]
      Saved 1 entities to in-memory store.
info: TicketMasala.Web.Data.DbSeeder[0]
      Created role: Admin
info: TicketMasala.Web.Data.DbSeeder[0]
      Created role: Admin
info: TicketMasala.Web.Data.DbSeeder[0]
      Created role: Admin
info: Program[0]
      ==================================================
info: Program[0]
      Checking if database seeding is needed...
info: Program[0]
      ==================================================
info: TicketMasala.Web.Data.DbSeeder[0]
      ========== DATABASE SEEDING STARTED ==========
info: TicketMasala.Web.Data.DbSeeder[0]
      Ensuring database exists...
info: TicketMasala.Web.Data.DbSeeder[0]
      Using SQLite with EnsureCreated
info: TicketMasala.Web.Data.DbSeeder[0]
      EnsureCreatedAsync result: False
info: TicketMasala.Web.Data.DbSeeder[0]
      SQLite database tables verified
info: Microsoft.EntityFrameworkCore.Update[30100]
      Saved 1 entities to in-memory store.
info: Microsoft.EntityFrameworkCore.Update[30100]
      Saved 1 entities to in-memory store.
info: TicketMasala.Web.Data.DbSeeder[0]
      Created role: Employee
info: Microsoft.EntityFrameworkCore.Update[30100]
      Saved 1 entities to in-memory store.
info: TicketMasala.Web.Data.DbSeeder[0]
      Created role: Employee
info: TicketMasala.Web.Data.DbSeeder[0]
      Created role: Employee
info: Microsoft.EntityFrameworkCore.Update[30100]
      Saved 1 entities to in-memory store.
info: TicketMasala.Web.Data.DbSeeder[0]
      Created role: Customer
info: Microsoft.EntityFrameworkCore.Update[30100]
      Saved 1 entities to in-memory store.
info: TicketMasala.Web.Data.DbSeeder[0]
      Created role: Customer
info: Microsoft.EntityFrameworkCore.Update[30100]
      Saved 1 entities to in-memory store.
info: TicketMasala.Web.Data.DbSeeder[0]
      Created role: Customer
info: TicketMasala.Web.Data.DbSeeder[0]
      Current user count in database: 1
info: TicketMasala.Web.Data.DbSeeder[0]
      Creating project templates...
info: TicketMasala.Web.Data.DbSeeder[0]
      Current user count in database: 1
info: TicketMasala.Web.Data.DbSeeder[0]
      Creating project templates...
info: TicketMasala.Web.Data.DbSeeder[0]
      Current user count in database: 1
info: TicketMasala.Web.Data.DbSeeder[0]
      Creating project templates...
info: TicketMasala.Web.Data.DbSeeder[0]
      Role already exists: Admin
info: TicketMasala.Web.Data.DbSeeder[0]
      Role already exists: Employee
info: Microsoft.EntityFrameworkCore.Database.Command[20101]
      Executed DbCommand (154ms) [Parameters=[], CommandType='Text', CommandTimeout='30']
      SELECT COUNT(*) FROM "sqlite_master" WHERE "type" = 'table' AND "rootpage" IS NOT NULL;
info: TicketMasala.Web.Data.DbSeeder[0]
      Role already exists: Customer
info: TicketMasala.Web.Data.DbSeeder[0]
      Current user count in database: 1
info: TicketMasala.Web.Data.DbSeeder[0]
      Creating project templates...
info: TicketMasala.Web.Data.DbSeeder[0]
      EnsureCreatedAsync result: False
info: Microsoft.EntityFrameworkCore.Database.Command[20101]
      Executed DbCommand (2ms) [Parameters=[], CommandType='Text', CommandTimeout='30']
      SELECT COUNT(*)
      FROM "AspNetUsers" AS "a"
info: Microsoft.EntityFrameworkCore.Database.Command[20101]
      Executed DbCommand (2ms) [Parameters=[], CommandType='Text', CommandTimeout='30']
      SELECT COUNT(*)
      FROM "AspNetUsers" AS "a"
info: TicketMasala.Web.Data.DbSeeder[0]
      SQLite database tables verified
info: TicketMasala.Web.Data.DbSeeder[0]
      SQLite database tables verified
info: Microsoft.EntityFrameworkCore.Update[30100]
      Saved 31 entities to in-memory store.
info: TicketMasala.Web.Data.DbSeeder[0]
      Created 5 new project templates
warn: TicketMasala.Web.Data.DbSeeder[0]
      Database already contains 1 users. Skipping user/project seed.
info: TicketMasala.Web.Data.DbSeeder[0]
      If you want to re-seed users, please delete all users first or drop the database
info: TicketMasala.Web.Data.DbSeeder[0]
      ========== DATABASE SEEDING COMPLETED SUCCESSFULLY! ==========
info: Program[0]
      ==================================================
info: Program[0]
      Database check completed
info: Program[0]
      ==================================================
fail: Microsoft.EntityFrameworkCore.Update[10000]
      An exception occurred in the database while saving changes for context type 'TicketMasala.Web.Data.MasalaDbContext'.
      System.ArgumentException: An item with the same key has already been added. Key: 11111111-1111-1111-1111-111111111111
         at System.Collections.Generic.Dictionary`2.TryInsert(TKey key, TValue value, InsertionBehavior behavior)
         at System.Collections.Generic.Dictionary`2.Add(TKey key, TValue value)
         at Microsoft.EntityFrameworkCore.InMemory.Storage.Internal.InMemoryTable`1.Create(IUpdateEntry entry, IDiagnosticsLogger`1 updateLogger)
         at Microsoft.EntityFrameworkCore.InMemory.Storage.Internal.InMemoryStore.ExecuteTransaction(IList`1 entries, IDiagnosticsLogger`1 updateLogger)
         at Microsoft.EntityFrameworkCore.InMemory.Storage.Internal.InMemoryDatabase.SaveChangesAsync(IList`1 entries, CancellationToken cancellationToken)
         at Microsoft.EntityFrameworkCore.ChangeTracking.Internal.StateManager.SaveChangesAsync(IList`1 entriesToSave, CancellationToken cancellationToken)
         at Microsoft.EntityFrameworkCore.ChangeTracking.Internal.StateManager.SaveChangesAsync(StateManager stateManager, Boolean acceptAllChangesOnSuccess, CancellationToken cancellationToken)
         at Microsoft.EntityFrameworkCore.DbContext.SaveChangesAsync(Boolean acceptAllChangesOnSuccess, CancellationToken cancellationToken)
      System.ArgumentException: An item with the same key has already been added. Key: 11111111-1111-1111-1111-111111111111
         at System.Collections.Generic.Dictionary`2.TryInsert(TKey key, TValue value, InsertionBehavior behavior)
         at System.Collections.Generic.Dictionary`2.Add(TKey key, TValue value)
         at Microsoft.EntityFrameworkCore.InMemory.Storage.Internal.InMemoryTable`1.Create(IUpdateEntry entry, IDiagnosticsLogger`1 updateLogger)
         at Microsoft.EntityFrameworkCore.InMemory.Storage.Internal.InMemoryStore.ExecuteTransaction(IList`1 entries, IDiagnosticsLogger`1 updateLogger)
         at Microsoft.EntityFrameworkCore.InMemory.Storage.Internal.InMemoryDatabase.SaveChangesAsync(IList`1 entries, CancellationToken cancellationToken)
         at Microsoft.EntityFrameworkCore.ChangeTracking.Internal.StateManager.SaveChangesAsync(IList`1 entriesToSave, CancellationToken cancellationToken)
         at Microsoft.EntityFrameworkCore.ChangeTracking.Internal.StateManager.SaveChangesAsync(StateManager stateManager, Boolean acceptAllChangesOnSuccess, CancellationToken cancellationToken)
         at Microsoft.EntityFrameworkCore.DbContext.SaveChangesAsync(Boolean acceptAllChangesOnSuccess, CancellationToken cancellationToken)
fail: Microsoft.EntityFrameworkCore.Update[10000]
      An exception occurred in the database while saving changes for context type 'TicketMasala.Web.Data.MasalaDbContext'.
      System.ArgumentException: An item with the same key has already been added. Key: 11111111-1111-1111-1111-111111111111
         at System.Collections.Generic.Dictionary`2.TryInsert(TKey key, TValue value, InsertionBehavior behavior)
         at System.Collections.Generic.Dictionary`2.Add(TKey key, TValue value)
         at Microsoft.EntityFrameworkCore.InMemory.Storage.Internal.InMemoryTable`1.Create(IUpdateEntry entry, IDiagnosticsLogger`1 updateLogger)
         at Microsoft.EntityFrameworkCore.InMemory.Storage.Internal.InMemoryStore.ExecuteTransaction(IList`1 entries, IDiagnosticsLogger`1 updateLogger)
         at Microsoft.EntityFrameworkCore.InMemory.Storage.Internal.InMemoryDatabase.SaveChangesAsync(IList`1 entries, CancellationToken cancellationToken)
         at Microsoft.EntityFrameworkCore.ChangeTracking.Internal.StateManager.SaveChangesAsync(IList`1 entriesToSave, CancellationToken cancellationToken)
         at Microsoft.EntityFrameworkCore.ChangeTracking.Internal.StateManager.SaveChangesAsync(StateManager stateManager, Boolean acceptAllChangesOnSuccess, CancellationToken cancellationToken)
         at Microsoft.EntityFrameworkCore.DbContext.SaveChangesAsync(Boolean acceptAllChangesOnSuccess, CancellationToken cancellationToken)
      System.ArgumentException: An item with the same key has already been added. Key: 11111111-1111-1111-1111-111111111111
         at System.Collections.Generic.Dictionary`2.TryInsert(TKey key, TValue value, InsertionBehavior behavior)
         at System.Collections.Generic.Dictionary`2.Add(TKey key, TValue value)
         at Microsoft.EntityFrameworkCore.InMemory.Storage.Internal.InMemoryTable`1.Create(IUpdateEntry entry, IDiagnosticsLogger`1 updateLogger)
         at Microsoft.EntityFrameworkCore.InMemory.Storage.Internal.InMemoryStore.ExecuteTransaction(IList`1 entries, IDiagnosticsLogger`1 updateLogger)
         at Microsoft.EntityFrameworkCore.InMemory.Storage.Internal.InMemoryDatabase.SaveChangesAsync(IList`1 entries, CancellationToken cancellationToken)
         at Microsoft.EntityFrameworkCore.ChangeTracking.Internal.StateManager.SaveChangesAsync(IList`1 entriesToSave, CancellationToken cancellationToken)
         at Microsoft.EntityFrameworkCore.ChangeTracking.Internal.StateManager.SaveChangesAsync(StateManager stateManager, Boolean acceptAllChangesOnSuccess, CancellationToken cancellationToken)
         at Microsoft.EntityFrameworkCore.DbContext.SaveChangesAsync(Boolean acceptAllChangesOnSuccess, CancellationToken cancellationToken)
fail: Microsoft.EntityFrameworkCore.Update[10000]
      An exception occurred in the database while saving changes for context type 'TicketMasala.Web.Data.MasalaDbContext'.
      System.ArgumentException: An item with the same key has already been added. Key: 11111111-1111-1111-1111-111111111111
         at System.Collections.Generic.Dictionary`2.TryInsert(TKey key, TValue value, InsertionBehavior behavior)
         at System.Collections.Generic.Dictionary`2.Add(TKey key, TValue value)
         at Microsoft.EntityFrameworkCore.InMemory.Storage.Internal.InMemoryTable`1.Create(IUpdateEntry entry, IDiagnosticsLogger`1 updateLogger)
         at Microsoft.EntityFrameworkCore.InMemory.Storage.Internal.InMemoryStore.ExecuteTransaction(IList`1 entries, IDiagnosticsLogger`1 updateLogger)
         at Microsoft.EntityFrameworkCore.InMemory.Storage.Internal.InMemoryDatabase.SaveChangesAsync(IList`1 entries, CancellationToken cancellationToken)
         at Microsoft.EntityFrameworkCore.ChangeTracking.Internal.StateManager.SaveChangesAsync(IList`1 entriesToSave, CancellationToken cancellationToken)
         at Microsoft.EntityFrameworkCore.ChangeTracking.Internal.StateManager.SaveChangesAsync(StateManager stateManager, Boolean acceptAllChangesOnSuccess, CancellationToken cancellationToken)
         at Microsoft.EntityFrameworkCore.DbContext.SaveChangesAsync(Boolean acceptAllChangesOnSuccess, CancellationToken cancellationToken)
      System.ArgumentException: An item with the same key has already been added. Key: 11111111-1111-1111-1111-111111111111
         at System.Collections.Generic.Dictionary`2.TryInsert(TKey key, TValue value, InsertionBehavior behavior)
         at System.Collections.Generic.Dictionary`2.Add(TKey key, TValue value)
         at Microsoft.EntityFrameworkCore.InMemory.Storage.Internal.InMemoryTable`1.Create(IUpdateEntry entry, IDiagnosticsLogger`1 updateLogger)
         at Microsoft.EntityFrameworkCore.InMemory.Storage.Internal.InMemoryStore.ExecuteTransaction(IList`1 entries, IDiagnosticsLogger`1 updateLogger)
         at Microsoft.EntityFrameworkCore.InMemory.Storage.Internal.InMemoryDatabase.SaveChangesAsync(IList`1 entries, CancellationToken cancellationToken)
         at Microsoft.EntityFrameworkCore.ChangeTracking.Internal.StateManager.SaveChangesAsync(IList`1 entriesToSave, CancellationToken cancellationToken)
         at Microsoft.EntityFrameworkCore.ChangeTracking.Internal.StateManager.SaveChangesAsync(StateManager stateManager, Boolean acceptAllChangesOnSuccess, CancellationToken cancellationToken)
         at Microsoft.EntityFrameworkCore.DbContext.SaveChangesAsync(Boolean acceptAllChangesOnSuccess, CancellationToken cancellationToken)
fail: TicketMasala.Web.Data.DbSeeder[0]
      ========== ERROR DURING DATABASE SEEDING ==========
      System.ArgumentException: An item with the same key has already been added. Key: 11111111-1111-1111-1111-111111111111
         at System.Collections.Generic.Dictionary`2.TryInsert(TKey key, TValue value, InsertionBehavior behavior)
         at System.Collections.Generic.Dictionary`2.Add(TKey key, TValue value)
         at Microsoft.EntityFrameworkCore.InMemory.Storage.Internal.InMemoryTable`1.Create(IUpdateEntry entry, IDiagnosticsLogger`1 updateLogger)
         at Microsoft.EntityFrameworkCore.InMemory.Storage.Internal.InMemoryStore.ExecuteTransaction(IList`1 entries, IDiagnosticsLogger`1 updateLogger)
         at Microsoft.EntityFrameworkCore.InMemory.Storage.Internal.InMemoryDatabase.SaveChangesAsync(IList`1 entries, CancellationToken cancellationToken)
         at Microsoft.EntityFrameworkCore.ChangeTracking.Internal.StateManager.SaveChangesAsync(IList`1 entriesToSave, CancellationToken cancellationToken)
         at Microsoft.EntityFrameworkCore.ChangeTracking.Internal.StateManager.SaveChangesAsync(StateManager stateManager, Boolean acceptAllChangesOnSuccess, CancellationToken cancellationToken)
         at Microsoft.EntityFrameworkCore.DbContext.SaveChangesAsync(Boolean acceptAllChangesOnSuccess, CancellationToken cancellationToken)
         at Microsoft.EntityFrameworkCore.DbContext.SaveChangesAsync(Boolean acceptAllChangesOnSuccess, CancellationToken cancellationToken)
         at TicketMasala.Web.Data.DbSeeder.CreateProjectTemplates() in /home/juan/coding/ticket-masala/src/TicketMasala.Web/Data/DbSeeder.cs:line 465
         at TicketMasala.Web.Data.DbSeeder.SeedAsync() in /home/juan/coding/ticket-masala/src/TicketMasala.Web/Data/DbSeeder.cs:line 101
fail: TicketMasala.Web.Data.DbSeeder[0]
      Error message: An item with the same key has already been added. Key: 11111111-1111-1111-1111-111111111111
fail: TicketMasala.Web.Data.DbSeeder[0]
      Inner exception: (null)
fail: TicketMasala.Web.Data.DbSeeder[0]
      ========== ERROR DURING DATABASE SEEDING ==========
      System.ArgumentException: An item with the same key has already been added. Key: 11111111-1111-1111-1111-111111111111
         at System.Collections.Generic.Dictionary`2.TryInsert(TKey key, TValue value, InsertionBehavior behavior)
         at System.Collections.Generic.Dictionary`2.Add(TKey key, TValue value)
         at Microsoft.EntityFrameworkCore.InMemory.Storage.Internal.InMemoryTable`1.Create(IUpdateEntry entry, IDiagnosticsLogger`1 updateLogger)
         at Microsoft.EntityFrameworkCore.InMemory.Storage.Internal.InMemoryStore.ExecuteTransaction(IList`1 entries, IDiagnosticsLogger`1 updateLogger)
         at Microsoft.EntityFrameworkCore.InMemory.Storage.Internal.InMemoryDatabase.SaveChangesAsync(IList`1 entries, CancellationToken cancellationToken)
         at Microsoft.EntityFrameworkCore.ChangeTracking.Internal.StateManager.SaveChangesAsync(IList`1 entriesToSave, CancellationToken cancellationToken)
         at Microsoft.EntityFrameworkCore.ChangeTracking.Internal.StateManager.SaveChangesAsync(StateManager stateManager, Boolean acceptAllChangesOnSuccess, CancellationToken cancellationToken)
         at Microsoft.EntityFrameworkCore.DbContext.SaveChangesAsync(Boolean acceptAllChangesOnSuccess, CancellationToken cancellationToken)
         at Microsoft.EntityFrameworkCore.DbContext.SaveChangesAsync(Boolean acceptAllChangesOnSuccess, CancellationToken cancellationToken)
         at TicketMasala.Web.Data.DbSeeder.CreateProjectTemplates() in /home/juan/coding/ticket-masala/src/TicketMasala.Web/Data/DbSeeder.cs:line 465
         at TicketMasala.Web.Data.DbSeeder.SeedAsync() in /home/juan/coding/ticket-masala/src/TicketMasala.Web/Data/DbSeeder.cs:line 101
fail: Program[0]
      ==================================================
      System.ArgumentException: An item with the same key has already been added. Key: 11111111-1111-1111-1111-111111111111
         at System.Collections.Generic.Dictionary`2.TryInsert(TKey key, TValue value, InsertionBehavior behavior)
         at System.Collections.Generic.Dictionary`2.Add(TKey key, TValue value)
         at Microsoft.EntityFrameworkCore.InMemory.Storage.Internal.InMemoryTable`1.Create(IUpdateEntry entry, IDiagnosticsLogger`1 updateLogger)
         at Microsoft.EntityFrameworkCore.InMemory.Storage.Internal.InMemoryStore.ExecuteTransaction(IList`1 entries, IDiagnosticsLogger`1 updateLogger)
         at Microsoft.EntityFrameworkCore.InMemory.Storage.Internal.InMemoryDatabase.SaveChangesAsync(IList`1 entries, CancellationToken cancellationToken)
         at Microsoft.EntityFrameworkCore.ChangeTracking.Internal.StateManager.SaveChangesAsync(IList`1 entriesToSave, CancellationToken cancellationToken)
         at Microsoft.EntityFrameworkCore.ChangeTracking.Internal.StateManager.SaveChangesAsync(StateManager stateManager, Boolean acceptAllChangesOnSuccess, CancellationToken cancellationToken)
         at Microsoft.EntityFrameworkCore.DbContext.SaveChangesAsync(Boolean acceptAllChangesOnSuccess, CancellationToken cancellationToken)
         at Microsoft.EntityFrameworkCore.DbContext.SaveChangesAsync(Boolean acceptAllChangesOnSuccess, CancellationToken cancellationToken)
         at TicketMasala.Web.Data.DbSeeder.CreateProjectTemplates() in /home/juan/coding/ticket-masala/src/TicketMasala.Web/Data/DbSeeder.cs:line 465
         at TicketMasala.Web.Data.DbSeeder.SeedAsync() in /home/juan/coding/ticket-masala/src/TicketMasala.Web/Data/DbSeeder.cs:line 101
         at Program.<Main>$(String[] args) in /home/juan/coding/ticket-masala/src/TicketMasala.Web/Program.cs:line 438
fail: TicketMasala.Web.Data.DbSeeder[0]
      ========== ERROR DURING DATABASE SEEDING ==========
      System.ArgumentException: An item with the same key has already been added. Key: 11111111-1111-1111-1111-111111111111
         at System.Collections.Generic.Dictionary`2.TryInsert(TKey key, TValue value, InsertionBehavior behavior)
         at System.Collections.Generic.Dictionary`2.Add(TKey key, TValue value)
         at Microsoft.EntityFrameworkCore.InMemory.Storage.Internal.InMemoryTable`1.Create(IUpdateEntry entry, IDiagnosticsLogger`1 updateLogger)
         at Microsoft.EntityFrameworkCore.InMemory.Storage.Internal.InMemoryStore.ExecuteTransaction(IList`1 entries, IDiagnosticsLogger`1 updateLogger)
         at Microsoft.EntityFrameworkCore.InMemory.Storage.Internal.InMemoryDatabase.SaveChangesAsync(IList`1 entries, CancellationToken cancellationToken)
         at Microsoft.EntityFrameworkCore.ChangeTracking.Internal.StateManager.SaveChangesAsync(IList`1 entriesToSave, CancellationToken cancellationToken)
         at Microsoft.EntityFrameworkCore.ChangeTracking.Internal.StateManager.SaveChangesAsync(StateManager stateManager, Boolean acceptAllChangesOnSuccess, CancellationToken cancellationToken)
         at Microsoft.EntityFrameworkCore.DbContext.SaveChangesAsync(Boolean acceptAllChangesOnSuccess, CancellationToken cancellationToken)
         at Microsoft.EntityFrameworkCore.DbContext.SaveChangesAsync(Boolean acceptAllChangesOnSuccess, CancellationToken cancellationToken)
         at TicketMasala.Web.Data.DbSeeder.CreateProjectTemplates() in /home/juan/coding/ticket-masala/src/TicketMasala.Web/Data/DbSeeder.cs:line 465
         at TicketMasala.Web.Data.DbSeeder.SeedAsync() in /home/juan/coding/ticket-masala/src/TicketMasala.Web/Data/DbSeeder.cs:line 101
fail: TicketMasala.Web.Data.DbSeeder[0]
      Error message: An item with the same key has already been added. Key: 11111111-1111-1111-1111-111111111111
fail: TicketMasala.Web.Data.DbSeeder[0]
      Error message: An item with the same key has already been added. Key: 11111111-1111-1111-1111-111111111111
fail: TicketMasala.Web.Data.DbSeeder[0]
      Inner exception: (null)
fail: TicketMasala.Web.Data.DbSeeder[0]
      Inner exception: (null)
fail: Program[0]
      ==================================================
      System.ArgumentException: An item with the same key has already been added. Key: 11111111-1111-1111-1111-111111111111
         at System.Collections.Generic.Dictionary`2.TryInsert(TKey key, TValue value, InsertionBehavior behavior)
         at System.Collections.Generic.Dictionary`2.Add(TKey key, TValue value)
         at Microsoft.EntityFrameworkCore.InMemory.Storage.Internal.InMemoryTable`1.Create(IUpdateEntry entry, IDiagnosticsLogger`1 updateLogger)
         at Microsoft.EntityFrameworkCore.InMemory.Storage.Internal.InMemoryStore.ExecuteTransaction(IList`1 entries, IDiagnosticsLogger`1 updateLogger)
         at Microsoft.EntityFrameworkCore.InMemory.Storage.Internal.InMemoryDatabase.SaveChangesAsync(IList`1 entries, CancellationToken cancellationToken)
         at Microsoft.EntityFrameworkCore.ChangeTracking.Internal.StateManager.SaveChangesAsync(IList`1 entriesToSave, CancellationToken cancellationToken)
         at Microsoft.EntityFrameworkCore.ChangeTracking.Internal.StateManager.SaveChangesAsync(StateManager stateManager, Boolean acceptAllChangesOnSuccess, CancellationToken cancellationToken)
         at Microsoft.EntityFrameworkCore.DbContext.SaveChangesAsync(Boolean acceptAllChangesOnSuccess, CancellationToken cancellationToken)
         at Microsoft.EntityFrameworkCore.DbContext.SaveChangesAsync(Boolean acceptAllChangesOnSuccess, CancellationToken cancellationToken)
         at TicketMasala.Web.Data.DbSeeder.CreateProjectTemplates() in /home/juan/coding/ticket-masala/src/TicketMasala.Web/Data/DbSeeder.cs:line 465
         at TicketMasala.Web.Data.DbSeeder.SeedAsync() in /home/juan/coding/ticket-masala/src/TicketMasala.Web/Data/DbSeeder.cs:line 101
         at Program.<Main>$(String[] args) in /home/juan/coding/ticket-masala/src/TicketMasala.Web/Program.cs:line 438
fail: Program[0]
      ==================================================
      System.ArgumentException: An item with the same key has already been added. Key: 11111111-1111-1111-1111-111111111111
         at System.Collections.Generic.Dictionary`2.TryInsert(TKey key, TValue value, InsertionBehavior behavior)
         at System.Collections.Generic.Dictionary`2.Add(TKey key, TValue value)
         at Microsoft.EntityFrameworkCore.InMemory.Storage.Internal.InMemoryTable`1.Create(IUpdateEntry entry, IDiagnosticsLogger`1 updateLogger)
         at Microsoft.EntityFrameworkCore.InMemory.Storage.Internal.InMemoryStore.ExecuteTransaction(IList`1 entries, IDiagnosticsLogger`1 updateLogger)
         at Microsoft.EntityFrameworkCore.InMemory.Storage.Internal.InMemoryDatabase.SaveChangesAsync(IList`1 entries, CancellationToken cancellationToken)
         at Microsoft.EntityFrameworkCore.ChangeTracking.Internal.StateManager.SaveChangesAsync(IList`1 entriesToSave, CancellationToken cancellationToken)
         at Microsoft.EntityFrameworkCore.ChangeTracking.Internal.StateManager.SaveChangesAsync(StateManager stateManager, Boolean acceptAllChangesOnSuccess, CancellationToken cancellationToken)
         at Microsoft.EntityFrameworkCore.DbContext.SaveChangesAsync(Boolean acceptAllChangesOnSuccess, CancellationToken cancellationToken)
         at Microsoft.EntityFrameworkCore.DbContext.SaveChangesAsync(Boolean acceptAllChangesOnSuccess, CancellationToken cancellationToken)
         at TicketMasala.Web.Data.DbSeeder.CreateProjectTemplates() in /home/juan/coding/ticket-masala/src/TicketMasala.Web/Data/DbSeeder.cs:line 465
         at TicketMasala.Web.Data.DbSeeder.SeedAsync() in /home/juan/coding/ticket-masala/src/TicketMasala.Web/Data/DbSeeder.cs:line 101
         at Program.<Main>$(String[] args) in /home/juan/coding/ticket-masala/src/TicketMasala.Web/Program.cs:line 438
fail: Program[0]
      CRITICAL: An error occurred while seeding the database.
      System.ArgumentException: An item with the same key has already been added. Key: 11111111-1111-1111-1111-111111111111
         at System.Collections.Generic.Dictionary`2.TryInsert(TKey key, TValue value, InsertionBehavior behavior)
         at System.Collections.Generic.Dictionary`2.Add(TKey key, TValue value)
         at Microsoft.EntityFrameworkCore.InMemory.Storage.Internal.InMemoryTable`1.Create(IUpdateEntry entry, IDiagnosticsLogger`1 updateLogger)
         at Microsoft.EntityFrameworkCore.InMemory.Storage.Internal.InMemoryStore.ExecuteTransaction(IList`1 entries, IDiagnosticsLogger`1 updateLogger)
         at Microsoft.EntityFrameworkCore.InMemory.Storage.Internal.InMemoryDatabase.SaveChangesAsync(IList`1 entries, CancellationToken cancellationToken)
         at Microsoft.EntityFrameworkCore.ChangeTracking.Internal.StateManager.SaveChangesAsync(IList`1 entriesToSave, CancellationToken cancellationToken)
         at Microsoft.EntityFrameworkCore.ChangeTracking.Internal.StateManager.SaveChangesAsync(StateManager stateManager, Boolean acceptAllChangesOnSuccess, CancellationToken cancellationToken)
         at Microsoft.EntityFrameworkCore.DbContext.SaveChangesAsync(Boolean acceptAllChangesOnSuccess, CancellationToken cancellationToken)
         at Microsoft.EntityFrameworkCore.DbContext.SaveChangesAsync(Boolean acceptAllChangesOnSuccess, CancellationToken cancellationToken)
         at TicketMasala.Web.Data.DbSeeder.CreateProjectTemplates() in /home/juan/coding/ticket-masala/src/TicketMasala.Web/Data/DbSeeder.cs:line 465
         at TicketMasala.Web.Data.DbSeeder.SeedAsync() in /home/juan/coding/ticket-masala/src/TicketMasala.Web/Data/DbSeeder.cs:line 101
         at Program.<Main>$(String[] args) in /home/juan/coding/ticket-masala/src/TicketMasala.Web/Program.cs:line 438
fail: Program[0]
      CRITICAL: An error occurred while seeding the database.
      System.ArgumentException: An item with the same key has already been added. Key: 11111111-1111-1111-1111-111111111111
         at System.Collections.Generic.Dictionary`2.TryInsert(TKey key, TValue value, InsertionBehavior behavior)
         at System.Collections.Generic.Dictionary`2.Add(TKey key, TValue value)
         at Microsoft.EntityFrameworkCore.InMemory.Storage.Internal.InMemoryTable`1.Create(IUpdateEntry entry, IDiagnosticsLogger`1 updateLogger)
         at Microsoft.EntityFrameworkCore.InMemory.Storage.Internal.InMemoryStore.ExecuteTransaction(IList`1 entries, IDiagnosticsLogger`1 updateLogger)
         at Microsoft.EntityFrameworkCore.InMemory.Storage.Internal.InMemoryDatabase.SaveChangesAsync(IList`1 entries, CancellationToken cancellationToken)
         at Microsoft.EntityFrameworkCore.ChangeTracking.Internal.StateManager.SaveChangesAsync(IList`1 entriesToSave, CancellationToken cancellationToken)
         at Microsoft.EntityFrameworkCore.ChangeTracking.Internal.StateManager.SaveChangesAsync(StateManager stateManager, Boolean acceptAllChangesOnSuccess, CancellationToken cancellationToken)
         at Microsoft.EntityFrameworkCore.DbContext.SaveChangesAsync(Boolean acceptAllChangesOnSuccess, CancellationToken cancellationToken)
         at Microsoft.EntityFrameworkCore.DbContext.SaveChangesAsync(Boolean acceptAllChangesOnSuccess, CancellationToken cancellationToken)
         at TicketMasala.Web.Data.DbSeeder.CreateProjectTemplates() in /home/juan/coding/ticket-masala/src/TicketMasala.Web/Data/DbSeeder.cs:line 465
         at TicketMasala.Web.Data.DbSeeder.SeedAsync() in /home/juan/coding/ticket-masala/src/TicketMasala.Web/Data/DbSeeder.cs:line 101
         at Program.<Main>$(String[] args) in /home/juan/coding/ticket-masala/src/TicketMasala.Web/Program.cs:line 438
fail: Program[0]
      CRITICAL: An error occurred while seeding the database.
      System.ArgumentException: An item with the same key has already been added. Key: 11111111-1111-1111-1111-111111111111
         at System.Collections.Generic.Dictionary`2.TryInsert(TKey key, TValue value, InsertionBehavior behavior)
         at System.Collections.Generic.Dictionary`2.Add(TKey key, TValue value)
         at Microsoft.EntityFrameworkCore.InMemory.Storage.Internal.InMemoryTable`1.Create(IUpdateEntry entry, IDiagnosticsLogger`1 updateLogger)
         at Microsoft.EntityFrameworkCore.InMemory.Storage.Internal.InMemoryStore.ExecuteTransaction(IList`1 entries, IDiagnosticsLogger`1 updateLogger)
         at Microsoft.EntityFrameworkCore.InMemory.Storage.Internal.InMemoryDatabase.SaveChangesAsync(IList`1 entries, CancellationToken cancellationToken)
         at Microsoft.EntityFrameworkCore.ChangeTracking.Internal.StateManager.SaveChangesAsync(IList`1 entriesToSave, CancellationToken cancellationToken)
         at Microsoft.EntityFrameworkCore.ChangeTracking.Internal.StateManager.SaveChangesAsync(StateManager stateManager, Boolean acceptAllChangesOnSuccess, CancellationToken cancellationToken)
         at Microsoft.EntityFrameworkCore.DbContext.SaveChangesAsync(Boolean acceptAllChangesOnSuccess, CancellationToken cancellationToken)
         at Microsoft.EntityFrameworkCore.DbContext.SaveChangesAsync(Boolean acceptAllChangesOnSuccess, CancellationToken cancellationToken)
         at TicketMasala.Web.Data.DbSeeder.CreateProjectTemplates() in /home/juan/coding/ticket-masala/src/TicketMasala.Web/Data/DbSeeder.cs:line 465
         at TicketMasala.Web.Data.DbSeeder.SeedAsync() in /home/juan/coding/ticket-masala/src/TicketMasala.Web/Data/DbSeeder.cs:line 101
         at Program.<Main>$(String[] args) in /home/juan/coding/ticket-masala/src/TicketMasala.Web/Program.cs:line 438
fail: Program[0]
      ==================================================
      System.ArgumentException: An item with the same key has already been added. Key: 11111111-1111-1111-1111-111111111111
         at System.Collections.Generic.Dictionary`2.TryInsert(TKey key, TValue value, InsertionBehavior behavior)
         at System.Collections.Generic.Dictionary`2.Add(TKey key, TValue value)
         at Microsoft.EntityFrameworkCore.InMemory.Storage.Internal.InMemoryTable`1.Create(IUpdateEntry entry, IDiagnosticsLogger`1 updateLogger)
         at Microsoft.EntityFrameworkCore.InMemory.Storage.Internal.InMemoryStore.ExecuteTransaction(IList`1 entries, IDiagnosticsLogger`1 updateLogger)
         at Microsoft.EntityFrameworkCore.InMemory.Storage.Internal.InMemoryDatabase.SaveChangesAsync(IList`1 entries, CancellationToken cancellationToken)
         at Microsoft.EntityFrameworkCore.ChangeTracking.Internal.StateManager.SaveChangesAsync(IList`1 entriesToSave, CancellationToken cancellationToken)
         at Microsoft.EntityFrameworkCore.ChangeTracking.Internal.StateManager.SaveChangesAsync(StateManager stateManager, Boolean acceptAllChangesOnSuccess, CancellationToken cancellationToken)
         at Microsoft.EntityFrameworkCore.DbContext.SaveChangesAsync(Boolean acceptAllChangesOnSuccess, CancellationToken cancellationToken)
         at Microsoft.EntityFrameworkCore.DbContext.SaveChangesAsync(Boolean acceptAllChangesOnSuccess, CancellationToken cancellationToken)
         at TicketMasala.Web.Data.DbSeeder.CreateProjectTemplates() in /home/juan/coding/ticket-masala/src/TicketMasala.Web/Data/DbSeeder.cs:line 465
         at TicketMasala.Web.Data.DbSeeder.SeedAsync() in /home/juan/coding/ticket-masala/src/TicketMasala.Web/Data/DbSeeder.cs:line 101
         at Program.<Main>$(String[] args) in /home/juan/coding/ticket-masala/src/TicketMasala.Web/Program.cs:line 438
fail: Program[0]
      You may need to manually create test users or check your database connection
info: Microsoft.EntityFrameworkCore.Database.Command[20101]
      Executed DbCommand (0ms) [Parameters=[@normalizedName='?' (Size = 5)], CommandType='Text', CommandTimeout='30']
      SELECT "a"."Id", "a"."ConcurrencyStamp", "a"."Name", "a"."NormalizedName"
      FROM "AspNetRoles" AS "a"
      WHERE "a"."NormalizedName" = @normalizedName
      LIMIT 1
fail: Program[0]
      ==================================================
      System.ArgumentException: An item with the same key has already been added. Key: 11111111-1111-1111-1111-111111111111
         at System.Collections.Generic.Dictionary`2.TryInsert(TKey key, TValue value, InsertionBehavior behavior)
         at System.Collections.Generic.Dictionary`2.Add(TKey key, TValue value)
         at Microsoft.EntityFrameworkCore.InMemory.Storage.Internal.InMemoryTable`1.Create(IUpdateEntry entry, IDiagnosticsLogger`1 updateLogger)
         at Microsoft.EntityFrameworkCore.InMemory.Storage.Internal.InMemoryStore.ExecuteTransaction(IList`1 entries, IDiagnosticsLogger`1 updateLogger)
         at Microsoft.EntityFrameworkCore.InMemory.Storage.Internal.InMemoryDatabase.SaveChangesAsync(IList`1 entries, CancellationToken cancellationToken)
         at Microsoft.EntityFrameworkCore.ChangeTracking.Internal.StateManager.SaveChangesAsync(IList`1 entriesToSave, CancellationToken cancellationToken)
         at Microsoft.EntityFrameworkCore.ChangeTracking.Internal.StateManager.SaveChangesAsync(StateManager stateManager, Boolean acceptAllChangesOnSuccess, CancellationToken cancellationToken)
         at Microsoft.EntityFrameworkCore.DbContext.SaveChangesAsync(Boolean acceptAllChangesOnSuccess, CancellationToken cancellationToken)
         at Microsoft.EntityFrameworkCore.DbContext.SaveChangesAsync(Boolean acceptAllChangesOnSuccess, CancellationToken cancellationToken)
         at TicketMasala.Web.Data.DbSeeder.CreateProjectTemplates() in /home/juan/coding/ticket-masala/src/TicketMasala.Web/Data/DbSeeder.cs:line 465
         at TicketMasala.Web.Data.DbSeeder.SeedAsync() in /home/juan/coding/ticket-masala/src/TicketMasala.Web/Data/DbSeeder.cs:line 101
         at Program.<Main>$(String[] args) in /home/juan/coding/ticket-masala/src/TicketMasala.Web/Program.cs:line 438
info: Microsoft.EntityFrameworkCore.Database.Command[20101]
      Executed DbCommand (0ms) [Parameters=[@normalizedName='?' (Size = 5)], CommandType='Text', CommandTimeout='30']
      SELECT "a"."Id", "a"."ConcurrencyStamp", "a"."Name", "a"."NormalizedName"
      FROM "AspNetRoles" AS "a"
      WHERE "a"."NormalizedName" = @normalizedName
      LIMIT 1
fail: Program[0]
      You may need to manually create test users or check your database connection
fail: Program[0]
      ==================================================
      System.ArgumentException: An item with the same key has already been added. Key: 11111111-1111-1111-1111-111111111111
         at System.Collections.Generic.Dictionary`2.TryInsert(TKey key, TValue value, InsertionBehavior behavior)
         at System.Collections.Generic.Dictionary`2.Add(TKey key, TValue value)
         at Microsoft.EntityFrameworkCore.InMemory.Storage.Internal.InMemoryTable`1.Create(IUpdateEntry entry, IDiagnosticsLogger`1 updateLogger)
         at Microsoft.EntityFrameworkCore.InMemory.Storage.Internal.InMemoryStore.ExecuteTransaction(IList`1 entries, IDiagnosticsLogger`1 updateLogger)
         at Microsoft.EntityFrameworkCore.InMemory.Storage.Internal.InMemoryDatabase.SaveChangesAsync(IList`1 entries, CancellationToken cancellationToken)
         at Microsoft.EntityFrameworkCore.ChangeTracking.Internal.StateManager.SaveChangesAsync(IList`1 entriesToSave, CancellationToken cancellationToken)
         at Microsoft.EntityFrameworkCore.ChangeTracking.Internal.StateManager.SaveChangesAsync(StateManager stateManager, Boolean acceptAllChangesOnSuccess, CancellationToken cancellationToken)
         at Microsoft.EntityFrameworkCore.DbContext.SaveChangesAsync(Boolean acceptAllChangesOnSuccess, CancellationToken cancellationToken)
         at Microsoft.EntityFrameworkCore.DbContext.SaveChangesAsync(Boolean acceptAllChangesOnSuccess, CancellationToken cancellationToken)
         at TicketMasala.Web.Data.DbSeeder.CreateProjectTemplates() in /home/juan/coding/ticket-masala/src/TicketMasala.Web/Data/DbSeeder.cs:line 465
         at TicketMasala.Web.Data.DbSeeder.SeedAsync() in /home/juan/coding/ticket-masala/src/TicketMasala.Web/Data/DbSeeder.cs:line 101
         at Program.<Main>$(String[] args) in /home/juan/coding/ticket-masala/src/TicketMasala.Web/Program.cs:line 438
fail: Program[0]
      You may need to manually create test users or check your database connection
info: TicketMasala.Web.Data.DbSeeder[0]
      Role already exists: Admin
info: TicketMasala.Web.Data.DbSeeder[0]
      Role already exists: Admin
info: Microsoft.EntityFrameworkCore.Database.Command[20101]
      Executed DbCommand (0ms) [Parameters=[@normalizedName='?' (Size = 8)], CommandType='Text', CommandTimeout='30']
      SELECT "a"."Id", "a"."ConcurrencyStamp", "a"."Name", "a"."NormalizedName"
      FROM "AspNetRoles" AS "a"
      WHERE "a"."NormalizedName" = @normalizedName
      LIMIT 1
info: Microsoft.EntityFrameworkCore.Database.Command[20101]
      Executed DbCommand (0ms) [Parameters=[@normalizedName='?' (Size = 8)], CommandType='Text', CommandTimeout='30']
      SELECT "a"."Id", "a"."ConcurrencyStamp", "a"."Name", "a"."NormalizedName"
      FROM "AspNetRoles" AS "a"
      WHERE "a"."NormalizedName" = @normalizedName
      LIMIT 1
info: TicketMasala.Web.Data.DbSeeder[0]
      Role already exists: Employee
info: Microsoft.EntityFrameworkCore.Database.Command[20101]
      Executed DbCommand (0ms) [Parameters=[@normalizedName='?' (Size = 8)], CommandType='Text', CommandTimeout='30']
      SELECT "a"."Id", "a"."ConcurrencyStamp", "a"."Name", "a"."NormalizedName"
      FROM "AspNetRoles" AS "a"
      WHERE "a"."NormalizedName" = @normalizedName
      LIMIT 1
info: TicketMasala.Web.Data.DbSeeder[0]
      Role already exists: Customer
info: TicketMasala.Web.Data.DbSeeder[0]
      Role already exists: Employee
info: Microsoft.EntityFrameworkCore.Database.Command[20101]
      Executed DbCommand (0ms) [Parameters=[], CommandType='Text', CommandTimeout='30']
      SELECT COUNT(*)
      FROM "AspNetUsers" AS "a"
info: TicketMasala.Web.Data.DbSeeder[0]
      Current user count in database: 1
info: TicketMasala.Web.Data.DbSeeder[0]
      Creating project templates...
info: Microsoft.EntityFrameworkCore.Database.Command[20101]
      Executed DbCommand (0ms) [Parameters=[@normalizedName='?' (Size = 8)], CommandType='Text', CommandTimeout='30']
      SELECT "a"."Id", "a"."ConcurrencyStamp", "a"."Name", "a"."NormalizedName"
      FROM "AspNetRoles" AS "a"
      WHERE "a"."NormalizedName" = @normalizedName
      LIMIT 1
info: TicketMasala.Web.Data.DbSeeder[0]
      Role already exists: Customer
info: Microsoft.EntityFrameworkCore.Database.Command[20101]
      Executed DbCommand (0ms) [Parameters=[], CommandType='Text', CommandTimeout='30']
      SELECT COUNT(*)
      FROM "AspNetUsers" AS "a"
info: TicketMasala.Web.Data.DbSeeder[0]
      Current user count in database: 1
info: TicketMasala.Web.Data.DbSeeder[0]
      Creating project templates...
info: Microsoft.EntityFrameworkCore.Database.Command[20101]
      Executed DbCommand (0ms) [Parameters=[@template_Name='?' (Size = 20)], CommandType='Text', CommandTimeout='30']
      SELECT EXISTS (
          SELECT 1
          FROM "ProjectTemplates" AS "p"
          WHERE "p"."Name" = @template_Name)
info: Microsoft.EntityFrameworkCore.Database.Command[20101]
      Executed DbCommand (0ms) [Parameters=[@template_Name='?' (Size = 20)], CommandType='Text', CommandTimeout='30']
      SELECT EXISTS (
          SELECT 1
          FROM "ProjectTemplates" AS "p"
          WHERE "p"."Name" = @template_Name)
info: Microsoft.EntityFrameworkCore.Database.Command[20101]
      Executed DbCommand (0ms) [Parameters=[@template_Name='?' (Size = 17)], CommandType='Text', CommandTimeout='30']
      SELECT EXISTS (
          SELECT 1
          FROM "ProjectTemplates" AS "p"
          WHERE "p"."Name" = @template_Name)
info: Microsoft.EntityFrameworkCore.Database.Command[20101]
      Executed DbCommand (0ms) [Parameters=[@template_Name='?' (Size = 17)], CommandType='Text', CommandTimeout='30']
      SELECT EXISTS (
          SELECT 1
          FROM "ProjectTemplates" AS "p"
          WHERE "p"."Name" = @template_Name)
info: Microsoft.EntityFrameworkCore.Database.Command[20101]
      Executed DbCommand (0ms) [Parameters=[@template_Name='?' (Size = 26)], CommandType='Text', CommandTimeout='30']
      SELECT EXISTS (
          SELECT 1
          FROM "ProjectTemplates" AS "p"
          WHERE "p"."Name" = @template_Name)
info: Microsoft.EntityFrameworkCore.Database.Command[20101]
      Executed DbCommand (0ms) [Parameters=[@template_Name='?' (Size = 16)], CommandType='Text', CommandTimeout='30']
      SELECT EXISTS (
          SELECT 1
          FROM "ProjectTemplates" AS "p"
          WHERE "p"."Name" = @template_Name)
info: Microsoft.EntityFrameworkCore.Database.Command[20101]
      Executed DbCommand (0ms) [Parameters=[@template_Name='?' (Size = 26)], CommandType='Text', CommandTimeout='30']
      SELECT EXISTS (
          SELECT 1
          FROM "ProjectTemplates" AS "p"
          WHERE "p"."Name" = @template_Name)
info: Microsoft.EntityFrameworkCore.Database.Command[20101]
      Executed DbCommand (0ms) [Parameters=[@template_Name='?' (Size = 18)], CommandType='Text', CommandTimeout='30']
      SELECT EXISTS (
          SELECT 1
          FROM "ProjectTemplates" AS "p"
          WHERE "p"."Name" = @template_Name)
info: TicketMasala.Web.Data.DbSeeder[0]
      All project templates already exist. Skipping.
warn: TicketMasala.Web.Data.DbSeeder[0]
      Database already contains 1 users. Skipping user/project seed.
info: TicketMasala.Web.Data.DbSeeder[0]
      If you want to re-seed users, please delete all users first or drop the database
info: TicketMasala.Web.Data.DbSeeder[0]
      ========== DATABASE SEEDING COMPLETED SUCCESSFULLY! ==========
info: Program[0]
      ==================================================
info: Program[0]
      Database check completed
info: Program[0]
      ==================================================
info: Microsoft.EntityFrameworkCore.Database.Command[20101]
      Executed DbCommand (0ms) [Parameters=[@template_Name='?' (Size = 16)], CommandType='Text', CommandTimeout='30']
      SELECT EXISTS (
          SELECT 1
          FROM "ProjectTemplates" AS "p"
          WHERE "p"."Name" = @template_Name)
info: Microsoft.EntityFrameworkCore.Database.Command[20101]
      Executed DbCommand (0ms) [Parameters=[@template_Name='?' (Size = 18)], CommandType='Text', CommandTimeout='30']
      SELECT EXISTS (
          SELECT 1
          FROM "ProjectTemplates" AS "p"
          WHERE "p"."Name" = @template_Name)
info: TicketMasala.Web.Data.DbSeeder[0]
      All project templates already exist. Skipping.
warn: TicketMasala.Web.Data.DbSeeder[0]
      Database already contains 1 users. Skipping user/project seed.
info: TicketMasala.Web.Data.DbSeeder[0]
      If you want to re-seed users, please delete all users first or drop the database
info: TicketMasala.Web.Data.DbSeeder[0]
      ========== DATABASE SEEDING COMPLETED SUCCESSFULLY! ==========
info: Program[0]
      ==================================================
info: Program[0]
      Database check completed
info: Program[0]
      ==================================================
  Passed TicketMasala.Tests.Controllers.TicketAttachmentsControllerTests.Upload_Success_SavesFileAndDocument [66 ms]
  Passed TicketMasala.Tests.Controllers.TicketAttachmentsControllerTests.Download_ReturnsFile_WhenDocumentExists [3 ms]
  Passed TicketMasala.Tests.Services.DispatchingServiceTests.GetRecommendedAgentAsync_FreshSystem_ReturnsAgentViaFallback [740 ms]
  Passed TicketMasala.Tests.Services.DispatchingServiceTests.GetRecommendedAgentAsync_WithWorkload_ReturnsLeastBusyAgent [4 ms]
  Passed TicketMasala.Tests.Services.TicketServiceTests.AssignTicketAsync_WithValidData_AssignsTicket [778 ms]
  Passed TicketMasala.Tests.IntegrationTests.Database.EfCoreProjectRepositoryIntegrationTests.ExistsAsync_WithNonExistingProject_ReturnsFalse [778 ms]
  Passed TicketMasala.Tests.Services.TicketServiceTests.CreateTicketAsync_WithValidData_CreatesTicket [26 ms]
  Passed TicketMasala.Tests.Services.ProjectServiceTests.GetProjectDetailsAsync_WithSoftDeletedProject_ReturnsNull [805 ms]
  Passed TicketMasala.Tests.Services.ProjectServiceTests.GetTemplateSelectListAsync_ReturnsAllTemplates [6 ms]
  Passed TicketMasala.Tests.Services.MetricsServiceTests.CalculateTeamMetricsAsync_WithPriorityScores_ReturnsCorrectAverage [816 ms]
  Passed TicketMasala.Tests.Repositories.TicketRepositoryTests.SearchTicketsAsync_FiltersByStatus [818 ms]
  Passed TicketMasala.Tests.Services.TicketServiceTests.ParseCustomFields_ReturnsCorrectJson [13 ms]
  Passed TicketMasala.Tests.Services.MetricsServiceTests.CalculateTeamMetricsAsync_WithAgentWorkload_ReturnsCorrectUtilization [4 ms]
  Passed TicketMasala.Tests.Services.MetricsServiceTests.CalculateTeamMetricsAsync_WithTickets_ReturnsCorrectCounts [1 ms]
info: TicketMasala.Web.Engine.Compiler.RuleCompilerService[0]
      Compiling rules for hot reload...
info: TicketMasala.Web.Engine.Compiler.RuleCompilerService[0]
      Compiling rules for hot reload...
info: TicketMasala.Web.Engine.Compiler.RuleCompilerService[0]
      Compiling rules for hot reload...
info: TicketMasala.Web.Engine.Compiler.RuleCompilerService[0]
      Compiling rules for hot reload...
info: TicketMasala.Web.Engine.Compiler.RuleCompilerService[0]
      Compiling rules for hot reload...
info: TicketMasala.Web.Engine.Compiler.RuleCompilerService[0]
      Compiling rules for hot reload...
info: TicketMasala.Web.Engine.Compiler.RuleCompilerService[0]
      Successfully swapped 3 compiled rule delegates in 2ms.
info: TicketMasala.Web.Engine.Compiler.RuleCompilerService[0]
      Successfully swapped 3 compiled rule delegates in 2ms.
info: TicketMasala.Web.Engine.Compiler.RuleCompilerService[0]
      Successfully swapped 3 compiled rule delegates in 2ms.
info: TicketMasala.Web.Engine.Compiler.RuleCompilerService[0]
      Successfully swapped 3 compiled rule delegates in 2ms.
info: TicketMasala.Web.Engine.Compiler.RuleCompilerService[0]
      Successfully swapped 3 compiled rule delegates in 2ms.
info: TicketMasala.Web.Engine.Compiler.RuleCompilerService[0]
      Successfully swapped 3 compiled rule delegates in 2ms.
info: TicketMasala.Web.Engine.GERDA.Configuration.DomainConfigurationService[0]
      Loaded domain configuration with 2 domains: IT, Gardening
info: TicketMasala.Web.Engine.GERDA.Configuration.DomainConfigurationService[0]
      Loaded domain configuration with 2 domains: IT, Gardening
info: TicketMasala.Web.Engine.GERDA.Configuration.DomainConfigurationService[0]
      Loaded domain configuration with 2 domains: IT, Gardening
info: TicketMasala.Web.Engine.GERDA.Configuration.DomainConfigurationService[0]
      Loaded domain configuration with 2 domains: IT, Gardening
info: TicketMasala.Web.Engine.GERDA.Configuration.DomainConfigurationService[0]
      Loaded domain configuration with 2 domains: IT, Gardening
info: TicketMasala.Web.Engine.GERDA.Configuration.DomainConfigurationService[0]
      Loaded domain configuration with 2 domains: IT, Gardening
info: TicketMasala.Web.Engine.GERDA.Configuration.DomainConfigurationService[0]
      File watcher enabled for /home/juan/coding/ticket-masala/src/TicketMasala.Web/../../config/masala_domains.yaml
info: TicketMasala.Web.Engine.GERDA.Configuration.DomainConfigurationService[0]
      File watcher enabled for /home/juan/coding/ticket-masala/src/TicketMasala.Web/../../config/masala_domains.yaml
info: TicketMasala.Web.Engine.GERDA.Configuration.DomainConfigurationService[0]
      File watcher enabled for /home/juan/coding/ticket-masala/src/TicketMasala.Web/../../config/masala_domains.yaml
info: Program[0]
      ==================================================
info: Program[0]
      Validating AI Strategy Implementations...
info: Program[0]
      ==================================================
info: Program[0]
      ==================================================
info: Program[0]
      Validating AI Strategy Implementations...
info: Program[0]
      ==================================================
info: TicketMasala.Web.Engine.GERDA.Configuration.DomainConfigurationService[0]
      File watcher enabled for /home/juan/coding/ticket-masala/src/TicketMasala.Web/../../config/masala_domains.yaml
info: Program[0]
      ==================================================
info: Program[0]
      ==================================================
info: Program[0]
      Validating AI Strategy Implementations...
info: Program[0]
      Validating AI Strategy Implementations...
info: Program[0]
      ==================================================
info: Program[0]
      ==================================================
info: TicketMasala.Web.Engine.GERDA.Configuration.DomainConfigurationService[0]
      File watcher enabled for /home/juan/coding/ticket-masala/src/TicketMasala.Web/../../config/masala_domains.yaml
info: Program[0]
      ==================================================
info: Program[0]
      Validating AI Strategy Implementations...
info: Program[0]
      ==================================================
info: TicketMasala.Web.Engine.GERDA.Configuration.DomainConfigurationService[0]
      File watcher enabled for /home/juan/coding/ticket-masala/src/TicketMasala.Web/../../config/masala_domains.yaml
info: Program[0]
      ==================================================
info: Program[0]
      Validating AI Strategy Implementations...
info: Program[0]
      ==================================================
Using SQLite Provider with connection: Data Source=app.db
Using SQLite Provider with connection: Data Source=app.db
info: Program[0]
      Domain 'IT Support' configured strategies validated successfully.
info: Program[0]
      Domain 'IT Support' configured strategies validated successfully.
info: Program[0]
      Domain 'IT Support' configured strategies validated successfully.
info: Program[0]
      Domain 'IT Support' configured strategies validated successfully.
info: Program[0]
      Domain 'IT Support' configured strategies validated successfully.
info: Program[0]
      Domain 'IT Support' configured strategies validated successfully.
  Passed TicketMasala.Tests.Services.MetricsServiceTests.CalculateTeamMetricsAsync_WithSlaTargets_CalculatesComplianceRate [2 ms]
  Passed TicketMasala.Tests.Services.MetricsServiceTests.CalculateTeamMetricsAsync_WithNoTickets_ReturnsEmptyMetrics [< 1 ms]
  Passed TicketMasala.Tests.Services.TicketServiceTests.GetEmployeeSelectListAsync_ReturnsAllEmployees [22 ms]
  Passed TicketMasala.Tests.Services.TicketServiceTests.CreateTicketAsync_WithResponsible_SetsStatusToAssigned [3 ms]
  Passed TicketMasala.Tests.Services.ProjectServiceTests.GetAllProjectsAsync_ForCustomer_FiltersCorrectly [55 ms]
  Passed TicketMasala.Tests.IntegrationTests.Database.EfCoreUserRepositoryIntegrationTests.GetEmployeesByTeamAsync_FiltersByTeam [868 ms]
  Passed TicketMasala.Tests.Services.TicketServiceTests.GetTicketDetailsAsync_WithValidGuid_ReturnsViewModel [45 ms]
  Passed TicketMasala.Tests.Services.TicketServiceTests.AssignTicketAsync_WithInvalidAgent_ReturnsFalse [4 ms]
  Passed TicketMasala.Tests.Services.TicketServiceTests.CreateTicketAsync_WithInvalidCustomer_ThrowsException [7 ms]
  Passed TicketMasala.Tests.Services.TicketServiceTests.GetTicketDetailsAsync_WithInvalidGuid_ReturnsNull [2 ms]
  Passed TicketMasala.Tests.Services.ProjectServiceTests.GetProjectForEditAsync_WithInvalidGuid_ReturnsNull [47 ms]
  Passed TicketMasala.Tests.Services.TicketServiceTests.AssignTicketAsync_WithInvalidTicket_ReturnsFalse [11 ms]
  Passed TicketMasala.Tests.IntegrationTests.Database.EfCoreUserRepositoryIntegrationTests.GetAllEmployeesAsync_WithNoEmployees_ReturnsEmpty [54 ms]
  Passed TicketMasala.Tests.IntegrationTests.Database.DatabaseConstraintTests.Ticket_WithMissingDescription_ThrowsDbUpdateException [936 ms]
  Passed TicketMasala.Tests.Services.TicketServiceTests.GetCustomerSelectListAsync_ReturnsAllCustomers [21 ms]
  Passed TicketMasala.Tests.Repositories.TicketRepositoryTests.SearchTicketsAsync_FiltersBySearchTerm [129 ms]
  Passed TicketMasala.Tests.Services.ProjectServiceTests.GetProjectDetailsAsync_WithValidGuid_ReturnsProject [42 ms]
  Passed TicketMasala.Tests.IntegrationTests.Database.DatabaseTransactionTests.Transaction_Commit_PersistsChanges [957 ms]
  Passed TicketMasala.Tests.IntegrationTests.Database.DatabaseConstraintTests.Employee_WithMissingTeam_BehaviorDependsOnDatabase [23 ms]
  Passed TicketMasala.Tests.IntegrationTests.Database.EfCoreUserRepositoryIntegrationTests.GetCustomerByIdAsync_WithValidCustomerId_ReturnsCustomer [38 ms]
  Passed TicketMasala.Tests.Services.ProjectServiceTests.GetProjectForEditAsync_WithValidGuid_ReturnsViewModel [11 ms]
  Passed TicketMasala.Tests.IntegrationTests.Database.EfCoreTicketRepositoryIntegrationTests.GetByStatusAsync_FiltersCorrectly [981 ms]
  Passed TicketMasala.Tests.IntegrationTests.Database.DatabaseConstraintTests.Project_WithMissingName_ThrowsDbUpdateException [41 ms]
  Passed TicketMasala.Tests.IntegrationTests.Database.DatabaseTransactionTests.Transaction_Rollback_RevertsChanges [47 ms]
  Passed TicketMasala.Tests.IntegrationTests.Database.EfCoreUserRepositoryIntegrationTests.Employee_GerdaFields_ArePersisted [43 ms]
info: Program[0]
      Domain 'Landscaping Services' configured strategies validated successfully.
info: Program[0]
      Domain 'Landscaping Services' configured strategies validated successfully.
info: Program[0]
      Domain 'Landscaping Services' configured strategies validated successfully.
info: Program[0]
      Domain 'Landscaping Services' configured strategies validated successfully.
info: Program[0]
      Domain 'Landscaping Services' configured strategies validated successfully.
info: Program[0]
      Domain 'Landscaping Services' configured strategies validated successfully.
  Passed TicketMasala.Tests.IntegrationTests.Database.EfCoreProjectRepositoryIntegrationTests.GetByIdAsync_WithValidId_ReturnsProject [227 ms]
  Passed TicketMasala.Tests.Services.ProjectServiceTests.SearchProjectsAsync_ReturnsMatchingProjects [71 ms]
  Passed TicketMasala.Tests.IntegrationTests.Database.EfCoreUserRepositoryIntegrationTests.GetEmployeeByIdAsync_WithValidEmployeeId_ReturnsEmployee [38 ms]
  Passed TicketMasala.Tests.IntegrationTests.Database.DatabaseConstraintTests.Project_WithMissingDescription_ThrowsDbUpdateException [46 ms]
  Passed TicketMasala.Tests.IntegrationTests.Database.DatabaseTransactionTests.ChangeTracker_Clear_ResetsTracking [48 ms]
  Passed TicketMasala.Tests.IntegrationTests.Database.EfCoreTicketRepositoryIntegrationTests.GetActiveTicketsAsync_ExcludesCompletedAndFailed [75 ms]
  Passed TicketMasala.Tests.Services.ProjectServiceTests.GetProjectStatisticsAsync_ReturnsCorrectStats [24 ms]
  Passed TicketMasala.Tests.Services.ProjectServiceTests.GetProjectDetailsAsync_WithInvalidGuid_ReturnsNull [< 1 ms]
  Passed TicketMasala.Tests.Services.ProjectServiceTests.GetCustomerSelectListAsync_ReturnsAllCustomers [1 ms]
  Passed TicketMasala.Tests.IntegrationTests.Database.EfCoreProjectRepositoryIntegrationTests.DeleteAsync_RemovesProjectFromDatabase [61 ms]
  Passed TicketMasala.Tests.IntegrationTests.Database.EfCoreUserRepositoryIntegrationTests.GetUserByIdAsync_ReturnsAnyUserType [31 ms]
  Passed TicketMasala.Tests.IntegrationTests.Database.DatabaseConstraintTests.ApplicationUser_WithMissingLastName_ThrowsDbUpdateException [32 ms]
  Passed TicketMasala.Tests.IntegrationTests.Database.DatabaseTransactionTests.SaveChangesAsync_TracksPendingChanges [37 ms]
  Passed TicketMasala.Tests.IntegrationTests.Database.EfCoreTicketRepositoryIntegrationTests.AddAsync_WithValidTicket_CreatesTicketInDatabase [38 ms]
  Passed TicketMasala.Tests.IntegrationTests.Database.EfCoreProjectRepositoryIntegrationTests.GetByIdAsync_WithInvalidId_ReturnsNull [28 ms]
  Passed TicketMasala.Tests.IntegrationTests.Database.EfCoreUserRepositoryIntegrationTests.GetEmployeeByIdAsync_WithCustomerId_ReturnsNull [29 ms]
  Passed TicketMasala.Tests.Services.ProjectServiceTests.GetAllProjectsAsync_ReturnsAllProjects [50 ms]
  Passed TicketMasala.Tests.IntegrationTests.Database.DatabaseConstraintTests.Ticket_WithMissingTitle_ThrowsDbUpdateException [36 ms]
  Passed TicketMasala.Tests.Services.ProjectServiceTests.UpdateProjectAsync_WithInvalidGuid_ReturnsFalse [1 ms]
  Passed TicketMasala.Tests.Services.ProjectServiceTests.UpdateProjectAsync_WithValidData_UpdatesProject [19 ms]
  Passed TicketMasala.Tests.IntegrationTests.Database.DatabaseTransactionTests.SeparateContexts_SeeCommittedChanges [47 ms]
  Passed TicketMasala.Tests.IntegrationTests.Database.DatabaseConstraintTests.Ticket_DomainId_EnforcesMaxLength [30 ms]
  Passed TicketMasala.Tests.IntegrationTests.Database.EfCoreUserRepositoryIntegrationTests.GetUserByEmailAsync_WithValidEmail_ReturnsUser [43 ms]
  Passed TicketMasala.Tests.IntegrationTests.Database.EfCoreTicketRepositoryIntegrationTests.GetByResponsibleIdAsync_ReturnsAssignedTickets [55 ms]
  Passed TicketMasala.Tests.IntegrationTests.Database.EfCoreProjectRepositoryIntegrationTests.AddAsync_WithProjectManager_PersistsRelation [68 ms]
  Passed TicketMasala.Tests.IntegrationTests.Database.DatabaseConstraintTests.Ticket_WithInvalidCustomerId_CanBeCreated_FKNotEnforced [40 ms]
  Passed TicketMasala.Tests.IntegrationTests.Database.DatabaseTransactionTests.MultipleOperations_WithFailure_RollsBackAll [52 ms]
  Passed TicketMasala.Tests.IntegrationTests.Database.EfCoreUserRepositoryIntegrationTests.GetAllEmployeesAsync_ReturnsOnlyEmployees [45 ms]
info: TicketMasala.Web.Engine.Ingestion.Background.QueuedHostedService[0]
      Queued Hosted Service is running.
info: TicketMasala.Web.Engine.Ingestion.Background.QueuedHostedService[0]
      Queued Hosted Service is running.
info: TicketMasala.Web.Engine.Ingestion.Background.QueuedHostedService[0]
      Queued Hosted Service is running.
info: TicketMasala.Web.Engine.Ingestion.Background.QueuedHostedService[0]
      Queued Hosted Service is running.
info: TicketMasala.Web.Engine.Ingestion.Background.QueuedHostedService[0]
      Queued Hosted Service is running.
info: TicketMasala.Web.Engine.Ingestion.Background.QueuedHostedService[0]
      Queued Hosted Service is running.
info: TicketMasala.Web.Engine.Ingestion.TicketGeneratorService[0]
      Ticket Generator started. Interval: 00:00:30
info: TicketMasala.Web.Engine.Ingestion.TicketGeneratorService[0]
      Ticket Generator started. Interval: 00:00:30
info: TicketMasala.Web.Engine.Ingestion.TicketGeneratorService[0]
      Ticket Generator started. Interval: 00:00:30
info: TicketMasala.Web.Engine.Ingestion.TicketGeneratorService[0]
      Ticket Generator started. Interval: 00:00:30
info: TicketMasala.Web.Engine.Ingestion.TicketGeneratorService[0]
      Ticket Generator started. Interval: 00:00:30
info: TicketMasala.Web.Engine.Ingestion.TicketGeneratorService[0]
      Ticket Generator started. Interval: 00:00:30
info: TicketMasala.Web.Engine.GERDA.BackgroundJobs.GerdaBackgroundService[0]
      GERDA Background Service started
info: TicketMasala.Web.Engine.GERDA.BackgroundJobs.GerdaBackgroundService[0]
      GERDA Background Service started
info: TicketMasala.Web.Engine.GERDA.BackgroundJobs.GerdaBackgroundService[0]
      GERDA Background Service started
info: TicketMasala.Web.Engine.GERDA.BackgroundJobs.GerdaBackgroundService[0]
      GERDA Background Service started
info: TicketMasala.Web.Engine.GERDA.BackgroundJobs.GerdaBackgroundService[0]
      GERDA Background Service started
info: TicketMasala.Web.Engine.GERDA.BackgroundJobs.GerdaBackgroundService[0]
      GERDA Background Service started
warn: TicketMasala.Web.Engine.Ingestion.EmailIngestionService[0]
      Email settings not configured. Skipping ingestion.
warn: TicketMasala.Web.Engine.Ingestion.EmailIngestionService[0]
      Email settings not configured. Skipping ingestion.
warn: TicketMasala.Web.Engine.Ingestion.EmailIngestionService[0]
      Email settings not configured. Skipping ingestion.
warn: TicketMasala.Web.Engine.Ingestion.EmailIngestionService[0]
      Email settings not configured. Skipping ingestion.
warn: TicketMasala.Web.Engine.Ingestion.EmailIngestionService[0]
      Email settings not configured. Skipping ingestion.
warn: TicketMasala.Web.Engine.Ingestion.EmailIngestionService[0]
      Email settings not configured. Skipping ingestion.
  Passed TicketMasala.Tests.IntegrationTests.Database.EfCoreTicketRepositoryIntegrationTests.ExistsAsync_WithExistingTicket_ReturnsTrue [45 ms]
  Passed TicketMasala.Tests.IntegrationTests.Database.DatabaseConstraintTests.User_WithDuplicateEmail_CannotBeCreated [29 ms]
  Passed TicketMasala.Tests.IntegrationTests.Database.EfCoreUserRepositoryIntegrationTests.GetCustomerByIdAsync_WithEmployeeId_ReturnsNull [28 ms]
  Passed TicketMasala.Tests.IntegrationTests.Database.DatabaseTransactionTests.Update_WithStaleData_ThrowsConcurrencyException [34 ms]
  Passed TicketMasala.Tests.IntegrationTests.Database.EfCoreProjectRepositoryIntegrationTests.GetActiveProjectsAsync_FiltersInactiveProjects [69 ms]
info: Microsoft.Hosting.Lifetime[0]
      Application started. Press Ctrl+C to shut down.
info: Microsoft.Hosting.Lifetime[0]
      Hosting environment: Testing
info: Microsoft.Hosting.Lifetime[0]
      Content root path: /home/juan/coding/ticket-masala/src/TicketMasala.Web
info: Microsoft.Hosting.Lifetime[0]
      Application started. Press Ctrl+C to shut down.
info: Microsoft.Hosting.Lifetime[0]
      Application started. Press Ctrl+C to shut down.
info: Microsoft.Hosting.Lifetime[0]
      Application started. Press Ctrl+C to shut down.
info: Microsoft.Hosting.Lifetime[0]
      Hosting environment: Testing
info: Microsoft.Hosting.Lifetime[0]
      Hosting environment: Testing
info: Microsoft.Hosting.Lifetime[0]
      Content root path: /home/juan/coding/ticket-masala/src/TicketMasala.Web
info: Microsoft.Hosting.Lifetime[0]
      Content root path: /home/juan/coding/ticket-masala/src/TicketMasala.Web
info: Microsoft.Hosting.Lifetime[0]
      Hosting environment: Testing
info: Microsoft.Hosting.Lifetime[0]
      Content root path: /home/juan/coding/ticket-masala/src/TicketMasala.Web
  Passed TicketMasala.Tests.IntegrationTests.Database.EfCoreUserRepositoryIntegrationTests.GetEmployeeByIdAsync_WithInvalidId_ReturnsNull [35 ms]
  Passed TicketMasala.Tests.IntegrationTests.Database.DatabaseConstraintTests.Ticket_ContentHashIndex_AllowsDifferentHashes [48 ms]
  Passed TicketMasala.Tests.IntegrationTests.Database.DatabaseTransactionTests.MultipleOperations_AllValid_CommitsAll [41 ms]
  Passed TicketMasala.Tests.IntegrationTests.Database.EfCoreProjectRepositoryIntegrationTests.GetByIdAsync_WithIncludeRelations_LoadsManagerAndCustomer [34 ms]
  Passed TicketMasala.Tests.IntegrationTests.Database.EfCoreTicketRepositoryIntegrationTests.GetByIdAsync_WithIncludeRelations_LoadsCustomer [93 ms]
  Passed TicketMasala.Tests.IntegrationTests.Database.EfCoreUserRepositoryIntegrationTests.GetEmployeesByTeamAsync_WithNonExistentTeam_ReturnsEmpty [31 ms]
info: Microsoft.Hosting.Lifetime[0]
      Application started. Press Ctrl+C to shut down.
info: Microsoft.Hosting.Lifetime[0]
      Application started. Press Ctrl+C to shut down.
info: Microsoft.Hosting.Lifetime[0]
      Hosting environment: Development
info: Microsoft.Hosting.Lifetime[0]
      Content root path: /home/juan/coding/ticket-masala/src/TicketMasala.Web
info: Microsoft.Hosting.Lifetime[0]
      Hosting environment: Development
info: Microsoft.Hosting.Lifetime[0]
      Content root path: /home/juan/coding/ticket-masala/src/TicketMasala.Web
warn: Microsoft.AspNetCore.HttpsPolicy.HttpsRedirectionMiddleware[3]
      Failed to determine the https port for redirect.
warn: Microsoft.AspNetCore.HttpsPolicy.HttpsRedirectionMiddleware[3]
      Failed to determine the https port for redirect.
  Passed TicketMasala.Tests.IntegrationTests.Database.DatabaseConstraintTests.Ticket_WithMissingDomainId_ThrowsDbUpdateException [27 ms]
  Passed TicketMasala.Tests.IntegrationTests.Database.EfCoreProjectRepositoryIntegrationTests.AddAsync_WithValidProject_CreatesProjectInDatabase [25 ms]
  Passed TicketMasala.Tests.IntegrationTests.Database.EfCoreTicketRepositoryIntegrationTests.UpdateAsync_ModifiesExistingTicket [31 ms]
  Passed TicketMasala.Tests.IntegrationTests.Database.EfCoreUserRepositoryIntegrationTests.GetAllCustomersAsync_ExcludesEmployees [36 ms]
  Passed TicketMasala.Tests.IntegrationTests.Database.DatabaseConstraintTests.Project_WithValidCustomerId_CreatesRelation [35 ms]
  Passed TicketMasala.Tests.IntegrationTests.Database.EfCoreProjectRepositoryIntegrationTests.GetAllAsync_ExcludesDeletedProjects [47 ms]
  Passed TicketMasala.Tests.IntegrationTests.Database.EfCoreTicketRepositoryIntegrationTests.DeleteAsync_RemovesTicketFromDatabase [30 ms]
  Passed TicketMasala.Tests.IntegrationTests.Database.EfCoreUserRepositoryIntegrationTests.GetUserByEmailAsync_WithInvalidEmail_ReturnsNull [25 ms]
  Passed TicketMasala.Tests.IntegrationTests.Database.DatabaseConstraintTests.Ticket_ContentHashIndex_AllowsNullValues [37 ms]
  Passed TicketMasala.Tests.IntegrationTests.Database.EfCoreProjectRepositoryIntegrationTests.GetAllAsync_ReturnsAllActiveProjects [28 ms]
  Passed TicketMasala.Tests.IntegrationTests.Database.EfCoreTicketRepositoryIntegrationTests.DeleteAsync_WithInvalidId_DoesNotThrow [21 ms]
  Passed TicketMasala.Tests.IntegrationTests.Database.EfCoreUserRepositoryIntegrationTests.CountUsersAsync_ReturnsCorrectTotalCount [29 ms]
  Passed TicketMasala.Tests.IntegrationTests.ProjectIntegrationTests.GetProjects_Unauthenticated_RedirectsToLogin [1 s]
info: Microsoft.Hosting.Lifetime[0]
      Application is shutting down...
info: TicketMasala.Web.Engine.GERDA.BackgroundJobs.GerdaBackgroundService[0]
      GERDA Background Service is stopping
info: TicketMasala.Web.Engine.GERDA.BackgroundJobs.GerdaBackgroundService[0]
      GERDA Background Service is stopping
info: TicketMasala.Web.Engine.GERDA.BackgroundJobs.GerdaBackgroundService[0]
      GERDA Background Service stopped
info: TicketMasala.Web.Engine.Ingestion.Background.QueuedHostedService[0]
      Queued Hosted Service is stopping.
info: TicketMasala.Web.Engine.Ingestion.Background.QueuedHostedService[0]
      Queued Hosted Service is stopping.
Using SQLite Provider with connection: Data Source=app.db
info: Microsoft.Hosting.Lifetime[0]
      Application is shutting down...
info: TicketMasala.Web.Engine.GERDA.BackgroundJobs.GerdaBackgroundService[0]
      GERDA Background Service is stopping
info: TicketMasala.Web.Engine.GERDA.BackgroundJobs.GerdaBackgroundService[0]
      GERDA Background Service is stopping
info: TicketMasala.Web.Engine.GERDA.BackgroundJobs.GerdaBackgroundService[0]
      GERDA Background Service stopped
info: TicketMasala.Web.Engine.Ingestion.Background.QueuedHostedService[0]
      Queued Hosted Service is stopping.
info: TicketMasala.Web.Engine.Ingestion.Background.QueuedHostedService[0]
      Queued Hosted Service is stopping.
Using SQLite Provider with connection: Data Source=app.db
  Passed TicketMasala.Tests.IntegrationTests.RouteAvailabilityTests.ProtectedRoutes_RedirectToLogin_WhenUnauthorized(url: "/Customer") [1 s]
  Passed TicketMasala.Tests.IntegrationTests.TicketIntegrationTests.GetTickets_Unauthenticated_RedirectsToLogin [1 s]
  Passed TicketMasala.Tests.IntegrationTests.Database.DatabaseConstraintTests.ApplicationUser_WithMissingFirstName_ThrowsDbUpdateException [28 ms]
  Passed TicketMasala.Tests.IntegrationTests.RouteAvailabilityTests.ProtectedRoutes_RedirectToLogin_WhenUnauthorized(url: "/Ticket") [9 ms]
  Passed TicketMasala.Tests.IntegrationTests.TicketIntegrationTests.GetComponents_Unauthenticated_RedirectsToLogin [9 ms]
  Passed TicketMasala.Tests.IntegrationTests.Database.EfCoreTicketRepositoryIntegrationTests.UpdateAsync_AssignsResponsible_UpdatesStatus [37 ms]
  Passed TicketMasala.Tests.IntegrationTests.Database.EfCoreProjectRepositoryIntegrationTests.GetByCustomerIdAsync_ReturnsOnlyCustomerProjects [44 ms]
  Passed TicketMasala.Tests.IntegrationTests.Database.EfCoreTicketRepositoryIntegrationTests.GetByIdAsync_WithValidId_ReturnsTicket [27 ms]
  Passed TicketMasala.Tests.IntegrationTests.Database.EfCoreProjectRepositoryIntegrationTests.GetRecommendedProjectForCustomerAsync_ReturnsLatestActiveProject [48 ms]
  Passed TicketMasala.Tests.IntegrationTests.RouteAvailabilityTests.PublicRoutes_ReturnSuccess(url: "/") [83 ms]
  Passed TicketMasala.Tests.IntegrationTests.Database.EfCoreTicketRepositoryIntegrationTests.CountAsync_ReturnsCorrectCount [45 ms]
  Passed TicketMasala.Tests.IntegrationTests.LocalizationTests.Homepage_WithAcceptLanguageHeader_ReturnsLocalizedContent(culture: "fr", expectedText: "Bienvenue sur Ticket Masala") [1 s]
  Passed TicketMasala.Tests.IntegrationTests.AccountControllerTests.LoginPage_ReturnsSuccessStatusCode [1 s]
Using SQLite Provider with connection: Data Source=app.db
Using SQLite Provider with connection: Data Source=app.db
Using SQLite Provider with connection: Data Source=app.db
Using SQLite Provider with connection: Data Source=app.db
  Passed TicketMasala.Tests.IntegrationTests.Database.EfCoreProjectRepositoryIntegrationTests.ExistsAsync_WithExistingProject_ReturnsTrue [40 ms]
  Passed TicketMasala.Tests.IntegrationTests.LocalizationTests.Homepage_WithAcceptLanguageHeader_ReturnsLocalizedContent(culture: "nl", expectedText: "Welkom bij Ticket Masala") [20 ms]
  Passed TicketMasala.Tests.IntegrationTests.Database.EfCoreTicketRepositoryIntegrationTests.GetByIdAsync_WithInvalidId_ReturnsNull [27 ms]
  Passed TicketMasala.Tests.IntegrationTests.LocalizationTests.Homepage_WithQueryString_ReturnsLocalizedContent(culture: "nl", expectedText: "Welkom bij Ticket Masala") [8 ms]
  Passed TicketMasala.Tests.IntegrationTests.RouteAvailabilityTests.PublicRoutes_ReturnSuccess(url: "/Identity/Account/Login") [36 ms]
info: Microsoft.Hosting.Lifetime[0]
      Application is shutting down...
info: TicketMasala.Web.Engine.GERDA.BackgroundJobs.GerdaBackgroundService[0]
      GERDA Background Service is stopping
info: TicketMasala.Web.Engine.GERDA.BackgroundJobs.GerdaBackgroundService[0]
      GERDA Background Service is stopping
info: TicketMasala.Web.Engine.GERDA.BackgroundJobs.GerdaBackgroundService[0]
      GERDA Background Service stopped
info: TicketMasala.Web.Engine.Ingestion.Background.QueuedHostedService[0]
      Queued Hosted Service is stopping.
info: TicketMasala.Web.Engine.Ingestion.Background.QueuedHostedService[0]
      Queued Hosted Service is stopping.
Using SQLite Provider with connection: Data Source=app.db
info: Microsoft.Hosting.Lifetime[0]
      Application is shutting down...
info: TicketMasala.Web.Engine.GERDA.BackgroundJobs.GerdaBackgroundService[0]
      GERDA Background Service is stopping
info: TicketMasala.Web.Engine.GERDA.BackgroundJobs.GerdaBackgroundService[0]
      GERDA Background Service is stopping
info: TicketMasala.Web.Engine.GERDA.BackgroundJobs.GerdaBackgroundService[0]
      GERDA Background Service stopped
info: TicketMasala.Web.Engine.Ingestion.Background.QueuedHostedService[0]
      Queued Hosted Service is stopping.
info: TicketMasala.Web.Engine.Ingestion.Background.QueuedHostedService[0]
      Queued Hosted Service is stopping.
info: Microsoft.Hosting.Lifetime[0]
      Application is shutting down...
info: TicketMasala.Web.Engine.GERDA.BackgroundJobs.GerdaBackgroundService[0]
      GERDA Background Service is stopping
info: TicketMasala.Web.Engine.GERDA.BackgroundJobs.GerdaBackgroundService[0]
      GERDA Background Service is stopping
info: TicketMasala.Web.Engine.GERDA.BackgroundJobs.GerdaBackgroundService[0]
      GERDA Background Service stopped
info: TicketMasala.Web.Engine.Ingestion.Background.QueuedHostedService[0]
      Queued Hosted Service is stopping.
info: TicketMasala.Web.Engine.Ingestion.Background.QueuedHostedService[0]
      Queued Hosted Service is stopping.
info: Microsoft.Hosting.Lifetime[0]
      Application is shutting down...
info: TicketMasala.Web.Engine.GERDA.BackgroundJobs.GerdaBackgroundService[0]
      GERDA Background Service is stopping
info: TicketMasala.Web.Engine.GERDA.BackgroundJobs.GerdaBackgroundService[0]
      GERDA Background Service is stopping
info: TicketMasala.Web.Engine.GERDA.BackgroundJobs.GerdaBackgroundService[0]
      GERDA Background Service stopped
info: TicketMasala.Web.Engine.Ingestion.Background.QueuedHostedService[0]
      Queued Hosted Service is stopping.
info: TicketMasala.Web.Engine.Ingestion.Background.QueuedHostedService[0]
      Queued Hosted Service is stopping.
  Passed TicketMasala.Tests.IntegrationTests.LocalizationTests.Homepage_WithQueryString_ReturnsLocalizedContent(culture: "fr", expectedText: "Bienvenue sur Ticket Masala") [2 ms]
  Passed TicketMasala.Tests.IntegrationTests.LocalizationTests.SetCulture_Controller_RedirectsAndSetsCookie [4 ms]
  Passed TicketMasala.Tests.IntegrationTests.AccountControllerTests.RegisterPage_ReturnsSuccessStatusCode [47 ms]
  Passed TicketMasala.Tests.IntegrationTests.RouteAvailabilityTests.PublicRoutes_ReturnSuccess(url: "/Identity/Account/Register") [18 ms]
  Passed TicketMasala.Tests.IntegrationTests.Database.EfCoreTicketRepositoryIntegrationTests.AddAsync_WithGerdaFields_PersistsAIData [31 ms]
  Passed TicketMasala.Tests.IntegrationTests.Database.EfCoreProjectRepositoryIntegrationTests.GetRecommendedProjectForCustomerAsync_ExcludesCompletedProjects [38 ms]
  Passed TicketMasala.Tests.IntegrationTests.Database.EfCoreProjectRepositoryIntegrationTests.UpdateAsync_ModifiesExistingProject [21 ms]
  Passed TicketMasala.Tests.IntegrationTests.Database.EfCoreTicketRepositoryIntegrationTests.GetByCustomerIdAsync_ReturnsOnlyCustomerTickets [31 ms]
  Passed TicketMasala.Tests.IntegrationTests.Database.EfCoreTicketRepositoryIntegrationTests.ExistsAsync_WithNonExistingTicket_ReturnsFalse [16 ms]
  Passed TicketMasala.Tests.IntegrationTests.AuthenticatedRouteTests.TicketRoute_ReturnsSuccess_WhenAuthenticated [1 s]
[xUnit.net 00:00:01.74]   Finished:    TicketMasala.Tests

Test Run Successful.
Total tests: 142
     Passed: 142
 Total time: 2.0364 Seconds
